Component: ARM Compiler 5.06 update 4 (build 422) Tool: armlink [4d35d2]

==============================================================================

Section Cross References

    main.o(.text) refers to os_q.o(.text) for OSQPend
    main.o(.text) refers to stm32f4xx_gpio.o(.text) for GPIO_SetBits
    main.o(.text) refers to os_time.o(.text) for OSTimeDlyHMSM
    main.o(.text) refers to key.o(.text) for KeyDetect
    main.o(.text) refers to cpu_core.o(.text) for CPU_Init
    main.o(.text) refers to os_stat.o(.text) for OSStatTaskCPUUsageInit
    main.o(.text) refers to os_core.o(.text) for OSSchedRoundRobinCfg
    main.o(.text) refers to cpu_a.o(.text) for CPU_SR_Save
    main.o(.text) refers to os_tmr.o(.text) for OSTmrCreate
    main.o(.text) refers to os_task.o(.text) for OSTaskCreate
    main.o(.text) refers to delay.o(.text) for delay_init
    main.o(.text) refers to misc.o(.text) for NVIC_PriorityGroupConfig
    main.o(.text) refers to led.o(.text) for LED_Init
    main.o(.text) refers to main.o(.bss) for KeyMessage
    main.o(.text) refers to main.o(.data) for key
    main.o(.text) refers to os_var.o(.data) for OSSchedLockNestingCtr
    system_stm32f4xx.o(.text) refers to system_stm32f4xx.o(.data) for SystemCoreClock
    led.o(.text) refers to stm32f4xx_rcc.o(.text) for RCC_AHB1PeriphClockCmd
    led.o(.text) refers to stm32f4xx_gpio.o(.text) for GPIO_Init
    key.o(.text) refers to stm32f4xx_rcc.o(.text) for RCC_AHB1PeriphClockCmd
    key.o(.text) refers to stm32f4xx_gpio.o(.text) for GPIO_Init
    key.o(.text) refers to delay.o(.text) for delay_ms
    startup_stm32f40_41xxx.o(STACK) refers (Special) to heapauxi.o(.text) for __use_two_region_memory
    startup_stm32f40_41xxx.o(HEAP) refers (Special) to heapauxi.o(.text) for __use_two_region_memory
    startup_stm32f40_41xxx.o(RESET) refers (Special) to heapauxi.o(.text) for __use_two_region_memory
    startup_stm32f40_41xxx.o(RESET) refers to startup_stm32f40_41xxx.o(STACK) for __initial_sp
    startup_stm32f40_41xxx.o(RESET) refers to startup_stm32f40_41xxx.o(.text) for Reset_Handler
    startup_stm32f40_41xxx.o(RESET) refers to stm32f4xx_it.o(.text) for NMI_Handler
    startup_stm32f40_41xxx.o(RESET) refers to os_cpu_a.o(CODE) for PendSV_Handler
    startup_stm32f40_41xxx.o(RESET) refers to delay.o(.text) for SysTick_Handler
    startup_stm32f40_41xxx.o(RESET) refers to usart.o(.text) for USART1_IRQHandler
    startup_stm32f40_41xxx.o(.text) refers (Special) to heapauxi.o(.text) for __use_two_region_memory
    startup_stm32f40_41xxx.o(.text) refers to system_stm32f4xx.o(.text) for SystemInit
    startup_stm32f40_41xxx.o(.text) refers to __main.o(!!!main) for __main
    startup_stm32f40_41xxx.o(.text) refers to startup_stm32f40_41xxx.o(HEAP) for Heap_Mem
    startup_stm32f40_41xxx.o(.text) refers to startup_stm32f40_41xxx.o(STACK) for Stack_Mem
    stm32f4xx_gpio.o(.text) refers to stm32f4xx_rcc.o(.text) for RCC_AHB1PeriphResetCmd
    stm32f4xx_rcc.o(.text) refers to stm32f4xx_rcc.o(.data) for APBAHBPrescTable
    stm32f4xx_syscfg.o(.text) refers to stm32f4xx_rcc.o(.text) for RCC_APB2PeriphResetCmd
    stm32f4xx_usart.o(.text) refers to stm32f4xx_rcc.o(.text) for RCC_APB2PeriphResetCmd
    delay.o(.text) refers to os_core.o(.text) for OSSchedLock
    delay.o(.text) refers to os_time.o(.text) for OSTimeDly
    delay.o(.text) refers to misc.o(.text) for SysTick_CLKSourceConfig
    delay.o(.text) refers to os_var.o(.data) for OSRunning
    delay.o(.text) refers to delay.o(.data) for fac_us
    delay.o(.text) refers to os_cfg_app.o(.constdata) for OSCfg_TickRate_Hz
    usart.o(.rev16_text) refers (Special) to use_no_semi_2.o(.text) for __use_no_semihosting
    usart.o(.revsh_text) refers (Special) to use_no_semi_2.o(.text) for __use_no_semihosting
    usart.o(.text) refers (Special) to use_no_semi_2.o(.text) for __use_no_semihosting
    usart.o(.text) refers to stm32f4xx_rcc.o(.text) for RCC_AHB1PeriphClockCmd
    usart.o(.text) refers to stm32f4xx_gpio.o(.text) for GPIO_PinAFConfig
    usart.o(.text) refers to stm32f4xx_usart.o(.text) for USART_Init
    usart.o(.text) refers to misc.o(.text) for NVIC_Init
    usart.o(.text) refers to os_core.o(.text) for OSIntEnter
    usart.o(.text) refers to usart.o(.data) for USART_RX_STA
    usart.o(.text) refers to usart.o(.bss) for USART_RX_BUF
    usart.o(.bss) refers (Special) to use_no_semi_2.o(.text) for __use_no_semihosting
    usart.o(.data) refers (Special) to use_no_semi_2.o(.text) for __use_no_semihosting
    bsp.o(.text) refers to stm32f4xx_rcc.o(.text) for RCC_GetClocksFreq
    bsp.o(.text) refers to cpu_core.o(.text) for CPU_TS_TmrFreqSet
    bsp.o(.text) refers to lludivv7m.o(.text) for __aeabi_uldivmod
    cpu_c.o(.text) refers to cpu_a.o(.text) for CPU_SR_Save
    cpu_core.o(.text) refers to cpu_a.o(.text) for CPU_SR_Save
    cpu_core.o(.text) refers to lib_mem.o(.text) for Mem_Clr
    cpu_core.o(.text) refers to bsp.o(.text) for CPU_TS_TmrInit
[...]

    BuildAttributes$$THM_ISAv4$E$P$D$K$B$S$7EM$VFPi3$EXTD16$VFPS$VFMA$PE$A:L22UL41UL21$X:L11$S22US41US21$IEEE1$IW$USESV6$~STKCKD$USESV7$~SHL$OSPACE$ROPI$EBA8$UX$STANDARDLIB$REQ8$PRES8$EABIv2 0x00000000   Number         0  anon$$obj.o ABSOLUTE
    __ARM_use_no_argv                        0x00000000   Number         0  main.o ABSOLUTE
    __ARM_exceptions_init                     - Undefined Weak Reference
    __alloca_initialize                       - Undefined Weak Reference
    __arm_preinit_                            - Undefined Weak Reference
    __cpp_initialize__aeabi_                  - Undefined Weak Reference
    __cxa_finalize                            - Undefined Weak Reference
    __rt_locale                               - Undefined Weak Reference
    __sigvec_lookup                           - Undefined Weak Reference
    _atexit_init                              - Undefined Weak Reference
    _call_atexit_fns                          - Undefined Weak Reference
    _clock_init                               - Undefined Weak Reference
    _fp_trap_init                             - Undefined Weak Reference
    _fp_trap_shutdown                         - Undefined Weak Reference
    _get_lc_collate                           - Undefined Weak Reference
    _get_lc_ctype                             - Undefined Weak Reference
    _get_lc_monetary                          - Undefined Weak Reference
    _get_lc_numeric                           - Undefined Weak Reference
    _get_lc_time                              - Undefined Weak Reference
    _getenv_init                              - Undefined Weak Reference
    _handle_redirection                       - Undefined Weak Reference
    _init_alloc                               - Undefined Weak Reference
    _init_user_alloc                          - Undefined Weak Reference
    _initio                                   - Undefined Weak Reference
    _rand_init                                - Undefined Weak Reference
    _signal_finish                            - Undefined Weak Reference
    _signal_init                              - Undefined Weak Reference
    _terminate_alloc                          - Undefined Weak Reference
    _terminate_user_alloc                     - Undefined Weak Reference
    _terminateio                              - Undefined Weak Reference
    __Vectors_Size                           0x00000188   Number         0  startup_stm32f40_41xxx.o ABSOLUTE
    __Vectors                                0x08000000   Data           4  startup_stm32f40_41xxx.o(RESET)
    __Vectors_End                            0x08000188   Data           0  startup_stm32f40_41xxx.o(RESET)
    __main                                   0x08000189   Thumb Code     8  __main.o(!!!main)
    __scatterload                            0x08000191   Thumb Code     0  __scatter.o(!!!scatter)
    __scatterload_rt2                        0x08000191   Thumb Code    44  __scatter.o(!!!scatter)
    __scatterload_rt2_thumb_only             0x08000191   Thumb Code     0  __scatter.o(!!!scatter)
    __scatterload_null                       0x0800019f   Thumb Code     0  __scatter.o(!!!scatter)
    __scatterload_copy                       0x080001c5   Thumb Code    26  __scatter_copy.o(!!handler_copy)
    __scatterload_zeroinit                   0x080001e1   Thumb Code    28  __scatter_zi.o(!!handler_zi)
    __rt_lib_init                            0x080001fd   Thumb Code     0  libinit.o(.ARM.Collect$$libinit$$00000000)
    __rt_lib_init_fp_1                       0x080001ff   Thumb Code     0  libinit2.o(.ARM.Collect$$libinit$$00000001)
    __rt_lib_init_alloca_1                   0x08000203   Thumb Code     0  libinit2.o(.ARM.Collect$$libinit$$0000002E)
    __rt_lib_init_argv_1                     0x08000203   Thumb Code     0  libinit2.o(.ARM.Collect$$libinit$$0000002C)
    __rt_lib_init_atexit_1                   0x08000203   Thumb Code     0  libinit2.o(.ARM.Collect$$libinit$$0000001B)
    __rt_lib_init_clock_1                    0x08000203   Thumb Code     0  libinit2.o(.ARM.Collect$$libinit$$00000021)
    __rt_lib_init_cpp_1                      0x08000203   Thumb Code     0  libinit2.o(.ARM.Collect$$libinit$$00000032)
    __rt_lib_init_exceptions_1               0x08000203   Thumb Code     0  libinit2.o(.ARM.Collect$$libinit$$00000030)
    __rt_lib_init_fp_trap_1                  0x08000203   Thumb Code     0  libinit2.o(.ARM.Collect$$libinit$$0000001F)
    __rt_lib_init_getenv_1                   0x08000203   Thumb Code     0  libinit2.o(.ARM.Collect$$libinit$$00000023)
    __rt_lib_init_heap_1                     0x08000203   Thumb Code     0  libinit2.o(.ARM.Collect$$libinit$$0000000A)
    __rt_lib_init_lc_collate_1               0x08000203   Thumb Code     0  libinit2.o(.ARM.Collect$$libinit$$00000011)
    __rt_lib_init_lc_ctype_1                 0x08000203   Thumb Code     0  libinit2.o(.ARM.Collect$$libinit$$00000013)
    __rt_lib_init_lc_monetary_1              0x08000203   Thumb Code     0  libinit2.o(.ARM.Collect$$libinit$$00000015)
    __rt_lib_init_lc_numeric_1               0x08000203   Thumb Code     0  libinit2.o(.ARM.Collect$$libinit$$00000017)
    __rt_lib_init_lc_time_1                  0x08000203   Thumb Code     0  libinit2.o(.ARM.Collect$$libinit$$00000019)
    __rt_lib_init_preinit_1                  0x08000203   Thumb Code     0  libinit2.o(.ARM.Collect$$libinit$$00000004)
    __rt_lib_init_rand_1                     0x08000203   Thumb Code     0  libinit2.o(.ARM.Collect$$libinit$$0000000E)
    __rt_lib_init_return                     0x08000203   Thumb Code     0  libinit2.o(.ARM.Collect$$libinit$$00000033)
    __rt_lib_init_signal_1                   0x08000203   Thumb Code     0  libinit2.o(.ARM.Collect$$libinit$$0000001D)
    __rt_lib_init_stdio_1                    0x08000203   Thumb Code     0  libinit2.o(.ARM.Collect$$libinit$$00000025)
    __rt_lib_init_user_alloc_1               0x08000203   Thumb Code     0  libinit2.o(.ARM.Collect$$libinit$$0000000C)
    __rt_lib_shutdown                        0x08000205   Thumb Code     0  libshutdown.o(.ARM.Collect$$libshutdown$$00000000)
    __rt_lib_shutdown_cpp_1                  0x08000207   Thumb Code     0  libshutdown2.o(.ARM.Collect$$libshutdown$$00000002)
    __rt_lib_shutdown_fp_trap_1              0x08000207   Thumb Code     0  libshutdown2.o(.ARM.Collect$$libshutdown$$00000007)
    __rt_lib_shutdown_heap_1                 0x08000207   Thumb Code     0  libshutdown2.o(.ARM.Collect$$libshutdown$$0000000F)
    __rt_lib_shutdown_return                 0x08000207   Thumb Code     0  libshutdown2.o(.ARM.Collect$$libshutdown$$00000010)
    __rt_lib_shutdown_signal_1               0x08000207   Thumb Code     0  libshutdown2.o(.ARM.Collect$$libshutdown$$0000000A)
    __rt_lib_shutdown_stdio_1                0x08000207   Thumb Code     0  libshutdown2.o(.ARM.Collect$$libshutdown$$00000004)
    __rt_lib_shutdown_user_alloc_1           0x08000207   Thumb Code     0  libshutdown2.o(.ARM.Collect$$libshutdown$$0000000C)
    __rt_entry                               0x08000209   Thumb Code     0  __rtentry.o(.ARM.Collect$$rtentry$$00000000)
    __rt_entry_presh_1                       0x08000209   Thumb Code     0  __rtentry2.o(.ARM.Collect$$rtentry$$00000002)
    __rt_entry_sh                            0x08000209   Thumb Code     0  __rtentry4.o(.ARM.Collect$$rtentry$$00000004)
    __rt_entry_li                            0x0800020f   Thumb Code     0  __rtentry2.o(.ARM.Collect$$rtentry$$0000000A)
    __rt_entry_postsh_1                      0x0800020f   Thumb Code     0  __rtentry2.o(.ARM.Collect$$rtentry$$00000009)
    __rt_entry_main                          0x08000213   Thumb Code     0  __rtentry2.o(.ARM.Collect$$rtentry$$0000000D)
    __rt_entry_postli_1                      0x08000213   Thumb Code     0  __rtentry2.o(.ARM.Collect$$rtentry$$0000000C)
    __rt_exit                                0x0800021b   Thumb Code     0  rtexit.o(.ARM.Collect$$rtexit$$00000000)
    __rt_exit_ls                             0x0800021d   Thumb Code     0  rtexit2.o(.ARM.Collect$$rtexit$$00000003)
    __rt_exit_prels_1                        0x0800021d   Thumb Code     0  rtexit2.o(.ARM.Collect$$rtexit$$00000002)
    __rt_exit_exit                           0x08000221   Thumb Code     0  rtexit2.o(.ARM.Collect$$rtexit$$00000004)
    Led2Task                                 0x08000229   Thumb Code    54  main.o(.text)
    Led1Task                                 0x0800025f   Thumb Code    62  main.o(.text)
    Tmr1Callback                             0x0800029d   Thumb Code    68  main.o(.text)
    StartTask                                0x080002e1   Thumb Code   318  main.o(.text)
    main                                     0x0800041f   Thumb Code   226  main.o(.text)
    NMI_Handler                              0x08000565   Thumb Code     2  stm32f4xx_it.o(.text)
    HardFault_Handler                        0x08000567   Thumb Code     4  stm32f4xx_it.o(.text)
    MemManage_Handler                        0x0800056b   Thumb Code     4  stm32f4xx_it.o(.text)
    BusFault_Handler                         0x0800056f   Thumb Code     4  stm32f4xx_it.o(.text)
    UsageFault_Handler                       0x08000573   Thumb Code     4  stm32f4xx_it.o(.text)
    SVC_Handler                              0x08000577   Thumb Code     2  stm32f4xx_it.o(.text)
    DebugMon_Handler                         0x08000579   Thumb Code     2  stm32f4xx_it.o(.text)
    SystemInit                               0x08000659   Thumb Code    88  system_stm32f4xx.o(.text)
    SystemCoreClockUpdate                    0x080006b1   Thumb Code   174  system_stm32f4xx.o(.text)
    LED_Init                                 0x0800078d   Thumb Code    54  led.o(.text)
    KEY_Init                                 0x080007c9   Thumb Code    42  key.o(.text)
    KeyDetect                                0x080007f3   Thumb Code    60  key.o(.text)
    Reset_Handler                            0x08000835   Thumb Code     8  startup_stm32f40_41xxx.o(.text)
    ADC_IRQHandler                           0x0800084f   Thumb Code     0  startup_stm32f40_41xxx.o(.text)
    CAN1_RX0_IRQHandler                      0x0800084f   Thumb Code     0  startup_stm32f40_41xxx.o(.text)
    CAN1_RX1_IRQHandler                      0x0800084f   Thumb Code     0  startup_stm32f40_41xxx.o(.text)
    CAN1_SCE_IRQHandler                      0x0800084f   Thumb Code     0  startup_stm32f40_41xxx.o(.text)
    CAN1_TX_IRQHandler                       0x0800084f   Thumb Code     0  startup_stm32f40_41xxx.o(.text)
    CAN2_RX0_IRQHandler                      0x0800084f   Thumb Code     0  startup_stm32f40_41xxx.o(.text)
    CAN2_RX1_IRQHandler                      0x0800084f   Thumb Code     0  startup_stm32f40_41xxx.o(.text)
    CAN2_SCE_IRQHandler                      0x0800084f   Thumb Code     0  startup_stm32f40_41xxx.o(.text)
    CAN2_TX_IRQHandler                       0x0800084f   Thumb Code     0  startup_stm32f40_41xxx.o(.text)
    CRYP_IRQHandler                          0x0800084f   Thumb Code     0  startup_stm32f40_41xxx.o(.text)
    DCMI_IRQHandler                          0x0800084f   Thumb Code     0  startup_stm32f40_41xxx.o(.text)
    DMA1_Stream0_IRQHandler                  0x0800084f   Thumb Code     0  startup_stm32f40_41xxx.o(.text)
    DMA1_Stream1_IRQHandler                  0x0800084f   Thumb Code     0  startup_stm32f40_41xxx.o(.text)
    DMA1_Stream2_IRQHandler                  0x0800084f   Thumb Code     0  startup_stm32f40_41xxx.o(.text)
    DMA1_Stream3_IRQHandler                  0x0800084f   Thumb Code     0  startup_stm32f40_41xxx.o(.text)
    DMA1_Stream4_IRQHandler                  0x0800084f   Thumb Code     0  startup_stm32f40_41xxx.o(.text)
    DMA1_Stream5_IRQHandler                  0x0800084f   Thumb Code     0  startup_stm32f40_41xxx.o(.text)
    DMA1_Stream6_IRQHandler                  0x0800084f   Thumb Code     0  startup_stm32f40_41xxx.o(.text)
    DMA1_Stream7_IRQHandler                  0x0800084f   Thumb Code     0  startup_stm32f40_41xxx.o(.text)
    DMA2_Stream0_IRQHandler                  0x0800084f   Thumb Code     0  startup_stm32f40_41xxx.o(.text)
    DMA2_Stream1_IRQHandler                  0x0800084f   Thumb Code     0  startup_stm32f40_41xxx.o(.text)
    DMA2_Stream2_IRQHandler                  0x0800084f   Thumb Code     0  startup_stm32f40_41xxx.o(.text)
    DMA2_Stream3_IRQHandler                  0x0800084f   Thumb Code     0  startup_stm32f40_41xxx.o(.text)
    DMA2_Stream4_IRQHandler                  0x0800084f   Thumb Code     0  startup_stm32f40_41xxx.o(.text)
    DMA2_Stream5_IRQHandler                  0x0800084f   Thumb Code     0  startup_stm32f40_41xxx.o(.text)
    DMA2_Stream6_IRQHandler                  0x0800084f   Thumb Code     0  startup_stm32f40_41xxx.o(.text)
    DMA2_Stream7_IRQHandler                  0x0800084f   Thumb Code     0  startup_stm32f40_41xxx.o(.text)
    ETH_IRQHandler                           0x0800084f   Thumb Code     0  startup_stm32f40_41xxx.o(.text)
    ETH_WKUP_IRQHandler                      0x0800084f   Thumb Code     0  startup_stm32f40_41xxx.o(.text)
    EXTI0_IRQHandler                         0x0800084f   Thumb Code     0  startup_stm32f40_41xxx.o(.text)
    EXTI15_10_IRQHandler                     0x0800084f   Thumb Code     0  startup_stm32f40_41xxx.o(.text)
    EXTI1_IRQHandler                         0x0800084f   Thumb Code     0  startup_stm32f40_41xxx.o(.text)
    EXTI2_IRQHandler                         0x0800084f   Thumb Code     0  startup_stm32f40_41xxx.o(.text)
    EXTI3_IRQHandler                         0x0800084f   Thumb Code     0  startup_stm32f40_41xxx.o(.text)
    EXTI4_IRQHandler                         0x0800084f   Thumb Code     0  startup_stm32f40_41xxx.o(.text)
    EXTI9_5_IRQHandler                       0x0800084f   Thumb Code     0  startup_stm32f40_41xxx.o(.text)
    FLASH_IRQHandler                         0x0800084f   Thumb Code     0  startup_stm32f40_41xxx.o(.text)
    FPU_IRQHandler                           0x0800084f   Thumb Code     0  startup_stm32f40_41xxx.o(.text)
    FSMC_IRQHandler                          0x0800084f   Thumb Code     0  startup_stm32f40_41xxx.o(.text)
    HASH_RNG_IRQHandler                      0x0800084f   Thumb Code     0  startup_stm32f40_41xxx.o(.text)
    I2C1_ER_IRQHandler                       0x0800084f   Thumb Code     0  startup_stm32f40_41xxx.o(.text)
    I2C1_EV_IRQHandler                       0x0800084f   Thumb Code     0  startup_stm32f40_41xxx.o(.text)
    I2C2_ER_IRQHandler                       0x0800084f   Thumb Code     0  startup_stm32f40_41xxx.o(.text)
    I2C2_EV_IRQHandler                       0x0800084f   Thumb Code     0  startup_stm32f40_41xxx.o(.text)
    I2C3_ER_IRQHandler                       0x0800084f   Thumb Code     0  startup_stm32f40_41xxx.o(.text)
    I2C3_EV_IRQHandler                       0x0800084f   Thumb Code     0  startup_stm32f40_41xxx.o(.text)
    OTG_FS_IRQHandler                        0x0800084f   Thumb Code     0  startup_stm32f40_41xxx.o(.text)
    OTG_FS_WKUP_IRQHandler                   0x0800084f   Thumb Code     0  startup_stm32f40_41xxx.o(.text)
    OTG_HS_EP1_IN_IRQHandler                 0x0800084f   Thumb Code     0  startup_stm32f40_41xxx.o(.text)
    OTG_HS_EP1_OUT_IRQHandler                0x0800084f   Thumb Code     0  startup_stm32f40_41xxx.o(.text)
    OTG_HS_IRQHandler                        0x0800084f   Thumb Code     0  startup_stm32f40_41xxx.o(.text)
    OTG_HS_WKUP_IRQHandler                   0x0800084f   Thumb Code     0  startup_stm32f40_41xxx.o(.text)
    PVD_IRQHandler                           0x0800084f   Thumb Code     0  startup_stm32f40_41xxx.o(.text)
    RCC_IRQHandler                           0x0800084f   Thumb Code     0  startup_stm32f40_41xxx.o(.text)
    RTC_Alarm_IRQHandler                     0x0800084f   Thumb Code     0  startup_stm32f40_41xxx.o(.text)
    RTC_WKUP_IRQHandler                      0x0800084f   Thumb Code     0  startup_stm32f40_41xxx.o(.text)
    SDIO_IRQHandler                          0x0800084f   Thumb Code     0  startup_stm32f40_41xxx.o(.text)
    SPI1_IRQHandler                          0x0800084f   Thumb Code     0  startup_stm32f40_41xxx.o(.text)
    SPI2_IRQHandler                          0x0800084f   Thumb Code     0  startup_stm32f40_41xxx.o(.text)
    SPI3_IRQHandler                          0x0800084f   Thumb Code     0  startup_stm32f40_41xxx.o(.text)
    TAMP_STAMP_IRQHandler                    0x0800084f   Thumb Code     0  startup_stm32f40_41xxx.o(.text)
    TIM1_BRK_TIM9_IRQHandler                 0x0800084f   Thumb Code     0  startup_stm32f40_41xxx.o(.text)
    TIM1_CC_IRQHandler                       0x0800084f   Thumb Code     0  startup_stm32f40_41xxx.o(.text)
    TIM1_TRG_COM_TIM11_IRQHandler            0x0800084f   Thumb Code     0  startup_stm32f40_41xxx.o(.text)
    TIM1_UP_TIM10_IRQHandler                 0x0800084f   Thumb Code     0  startup_stm32f40_41xxx.o(.text)
    TIM2_IRQHandler                          0x0800084f   Thumb Code     0  startup_stm32f40_41xxx.o(.text)
    TIM3_IRQHandler                          0x0800084f   Thumb Code     0  startup_stm32f40_41xxx.o(.text)
    TIM4_IRQHandler                          0x0800084f   Thumb Code     0  startup_stm32f40_41xxx.o(.text)
    TIM5_IRQHandler                          0x0800084f   Thumb Code     0  startup_stm32f40_41xxx.o(.text)
    TIM6_DAC_IRQHandler                      0x0800084f   Thumb Code     0  startup_stm32f40_41xxx.o(.text)
    TIM7_IRQHandler                          0x0800084f   Thumb Code     0  startup_stm32f40_41xxx.o(.text)
    TIM8_BRK_TIM12_IRQHandler                0x0800084f   Thumb Code     0  startup_stm32f40_41xxx.o(.text)
    TIM8_CC_IRQHandler                       0x0800084f   Thumb Code     0  startup_stm32f40_41xxx.o(.text)
    TIM8_TRG_COM_TIM14_IRQHandler            0x0800084f   Thumb Code     0  startup_stm32f40_41xxx.o(.text)
    TIM8_UP_TIM13_IRQHandler                 0x0800084f   Thumb Code     0  startup_stm32f40_41xxx.o(.text)
    UART4_IRQHandler                         0x0800084f   Thumb Code     0  startup_stm32f40_41xxx.o(.text)
    UART5_IRQHandler                         0x0800084f   Thumb Code     0  startup_stm32f40_41xxx.o(.text)
    USART2_IRQHandler                        0x0800084f   Thumb Code     0  startup_stm32f40_41xxx.o(.text)
    USART3_IRQHandler                        0x0800084f   Thumb Code     0  startup_stm32f40_41xxx.o(.text)
    USART6_IRQHandler                        0x0800084f   Thumb Code     0  startup_stm32f40_41xxx.o(.text)
    WWDG_IRQHandler                          0x0800084f   Thumb Code     0  startup_stm32f40_41xxx.o(.text)
    __user_initial_stackheap                 0x08000851   Thumb Code     0  startup_stm32f40_41xxx.o(.text)
    NVIC_PriorityGroupConfig                 0x08000875   Thumb Code    10  misc.o(.text)
    NVIC_Init                                0x0800087f   Thumb Code   106  misc.o(.text)
    NVIC_SetVectorTable                      0x080008e9   Thumb Code    14  misc.o(.text)
    NVIC_SystemLPConfig                      0x080008f7   Thumb Code    34  misc.o(.text)
    SysTick_CLKSourceConfig                  0x08000919   Thumb Code    40  misc.o(.text)
    GPIO_DeInit                              0x08000955   Thumb Code   268  stm32f4xx_gpio.o(.text)
    GPIO_Init                                0x08000a61   Thumb Code   144  stm32f4xx_gpio.o(.text)
    GPIO_StructInit                          0x08000af1   Thumb Code    18  stm32f4xx_gpio.o(.text)
    GPIO_PinLockConfig                       0x08000b03   Thumb Code    34  stm32f4xx_gpio.o(.text)
    GPIO_ReadInputDataBit                    0x08000b25   Thumb Code    18  stm32f4xx_gpio.o(.text)
    GPIO_ReadInputData                       0x08000b37   Thumb Code     8  stm32f4xx_gpio.o(.text)
    GPIO_ReadOutputDataBit                   0x08000b3f   Thumb Code    18  stm32f4xx_gpio.o(.text)
    GPIO_ReadOutputData                      0x08000b51   Thumb Code     8  stm32f4xx_gpio.o(.text)
    GPIO_SetBits                             0x08000b59   Thumb Code     4  stm32f4xx_gpio.o(.text)
    GPIO_ResetBits                           0x08000b5d   Thumb Code     4  stm32f4xx_gpio.o(.text)
    GPIO_WriteBit                            0x08000b61   Thumb Code    10  stm32f4xx_gpio.o(.text)
    GPIO_Write                               0x08000b6b   Thumb Code     4  stm32f4xx_gpio.o(.text)
    GPIO_ToggleBits                          0x08000b6f   Thumb Code     8  stm32f4xx_gpio.o(.text)
    GPIO_PinAFConfig                         0x08000b77   Thumb Code    70  stm32f4xx_gpio.o(.text)
    RCC_DeInit                               0x08000be9   Thumb Code    82  stm32f4xx_rcc.o(.text)
    RCC_HSEConfig                            0x08000c3b   Thumb Code    14  stm32f4xx_rcc.o(.text)
    RCC_GetFlagStatus                        0x08000c49   Thumb Code    60  stm32f4xx_rcc.o(.text)
    RCC_WaitForHSEStartUp                    0x08000c85   Thumb Code    56  stm32f4xx_rcc.o(.text)
    RCC_AdjustHSICalibrationValue            0x08000cbd   Thumb Code    20  stm32f4xx_rcc.o(.text)
    RCC_HSICmd                               0x08000cd1   Thumb Code     6  stm32f4xx_rcc.o(.text)
    RCC_LSEConfig                            0x08000cd7   Thumb Code    46  stm32f4xx_rcc.o(.text)
    RCC_LSICmd                               0x08000d05   Thumb Code     6  stm32f4xx_rcc.o(.text)
    RCC_PLLConfig                            0x08000d0b   Thumb Code    32  stm32f4xx_rcc.o(.text)
    RCC_PLLCmd                               0x08000d2b   Thumb Code     6  stm32f4xx_rcc.o(.text)
    RCC_PLLI2SConfig                         0x08000d31   Thumb Code    14  stm32f4xx_rcc.o(.text)
    RCC_PLLI2SCmd                            0x08000d3f   Thumb Code     6  stm32f4xx_rcc.o(.text)
    RCC_PLLSAIConfig                         0x08000d45   Thumb Code    20  stm32f4xx_rcc.o(.text)
    RCC_PLLSAICmd                            0x08000d59   Thumb Code     6  stm32f4xx_rcc.o(.text)
    RCC_ClockSecuritySystemCmd               0x08000d5f   Thumb Code     6  stm32f4xx_rcc.o(.text)
    RCC_MCO1Config                           0x08000d65   Thumb Code    28  stm32f4xx_rcc.o(.text)
    RCC_MCO2Config                           0x08000d81   Thumb Code    28  stm32f4xx_rcc.o(.text)
    RCC_SYSCLKConfig                         0x08000d9d   Thumb Code    20  stm32f4xx_rcc.o(.text)
    RCC_GetSYSCLKSource                      0x08000db1   Thumb Code    12  stm32f4xx_rcc.o(.text)
    RCC_HCLKConfig                           0x08000dbd   Thumb Code    20  stm32f4xx_rcc.o(.text)
    RCC_PCLK1Config                          0x08000dd1   Thumb Code    20  stm32f4xx_rcc.o(.text)
    RCC_PCLK2Config                          0x08000de5   Thumb Code    22  stm32f4xx_rcc.o(.text)
    RCC_GetClocksFreq                        0x08000dfb   Thumb Code   222  stm32f4xx_rcc.o(.text)
    RCC_RTCCLKConfig                         0x08000ed9   Thumb Code    54  stm32f4xx_rcc.o(.text)
    RCC_RTCCLKCmd                            0x08000f0f   Thumb Code     8  stm32f4xx_rcc.o(.text)
    RCC_BackupResetCmd                       0x08000f17   Thumb Code     8  stm32f4xx_rcc.o(.text)
    RCC_I2SCLKConfig                         0x08000f1f   Thumb Code     6  stm32f4xx_rcc.o(.text)
    RCC_SAIPLLI2SClkDivConfig                0x08000f25   Thumb Code    26  stm32f4xx_rcc.o(.text)
    RCC_SAIPLLSAIClkDivConfig                0x08000f3f   Thumb Code    28  stm32f4xx_rcc.o(.text)
    RCC_SAIBlockACLKConfig                   0x08000f5b   Thumb Code    20  stm32f4xx_rcc.o(.text)
    RCC_SAIBlockBCLKConfig                   0x08000f6f   Thumb Code    20  stm32f4xx_rcc.o(.text)
    RCC_LTDCCLKDivConfig                     0x08000f83   Thumb Code    20  stm32f4xx_rcc.o(.text)
    RCC_TIMCLKPresConfig                     0x08000f97   Thumb Code     6  stm32f4xx_rcc.o(.text)
    RCC_AHB1PeriphClockCmd                   0x08000f9d   Thumb Code    34  stm32f4xx_rcc.o(.text)
    RCC_AHB2PeriphClockCmd                   0x08000fbf   Thumb Code    78  stm32f4xx_rcc.o(.text)
    RCC_AHB3PeriphClockCmd                   0x0800100d   Thumb Code    34  stm32f4xx_rcc.o(.text)
    RCC_APB1PeriphClockCmd                   0x0800102f   Thumb Code    34  stm32f4xx_rcc.o(.text)
    RCC_APB2PeriphClockCmd                   0x08001051   Thumb Code    34  stm32f4xx_rcc.o(.text)
    RCC_AHB1PeriphResetCmd                   0x08001073   Thumb Code    34  stm32f4xx_rcc.o(.text)
    RCC_AHB2PeriphResetCmd                   0x08001095   Thumb Code    34  stm32f4xx_rcc.o(.text)
    RCC_AHB3PeriphResetCmd                   0x080010b7   Thumb Code    34  stm32f4xx_rcc.o(.text)
    RCC_APB1PeriphResetCmd                   0x080010d9   Thumb Code    34  stm32f4xx_rcc.o(.text)
    RCC_APB2PeriphResetCmd                   0x080010fb   Thumb Code    34  stm32f4xx_rcc.o(.text)
    RCC_AHB1PeriphClockLPModeCmd             0x0800111d   Thumb Code    34  stm32f4xx_rcc.o(.text)
    RCC_AHB2PeriphClockLPModeCmd             0x0800113f   Thumb Code    34  stm32f4xx_rcc.o(.text)
    RCC_AHB3PeriphClockLPModeCmd             0x08001161   Thumb Code    34  stm32f4xx_rcc.o(.text)
    RCC_APB1PeriphClockLPModeCmd             0x08001183   Thumb Code    34  stm32f4xx_rcc.o(.text)
    RCC_APB2PeriphClockLPModeCmd             0x080011a5   Thumb Code    34  stm32f4xx_rcc.o(.text)
    RCC_LSEModeConfig                        0x080011c7   Thumb Code    40  stm32f4xx_rcc.o(.text)
    RCC_ITConfig                             0x080011ef   Thumb Code    34  stm32f4xx_rcc.o(.text)
    RCC_ClearFlag                            0x08001211   Thumb Code    18  stm32f4xx_rcc.o(.text)
    RCC_GetITStatus                          0x08001223   Thumb Code    22  stm32f4xx_rcc.o(.text)
    RCC_ClearITPendingBit                    0x08001239   Thumb Code     8  stm32f4xx_rcc.o(.text)
    USART_DeInit                             0x08001245   Thumb Code   206  stm32f4xx_usart.o(.text)
    USART_Init                               0x08001313   Thumb Code   204  stm32f4xx_usart.o(.text)
    USART_StructInit                         0x080013df   Thumb Code    24  stm32f4xx_usart.o(.text)
    USART_ClockInit                          0x080013f7   Thumb Code    32  stm32f4xx_usart.o(.text)
    USART_ClockStructInit                    0x08001417   Thumb Code    12  stm32f4xx_usart.o(.text)
    USART_Cmd                                0x08001423   Thumb Code    24  stm32f4xx_usart.o(.text)
    USART_SetPrescaler                       0x0800143b   Thumb Code    16  stm32f4xx_usart.o(.text)
    USART_OverSampling8Cmd                   0x0800144b   Thumb Code    22  stm32f4xx_usart.o(.text)
    USART_OneBitMethodCmd                    0x08001461   Thumb Code    24  stm32f4xx_usart.o(.text)
    USART_SendData                           0x08001479   Thumb Code     8  stm32f4xx_usart.o(.text)
    USART_ReceiveData                        0x08001481   Thumb Code    10  stm32f4xx_usart.o(.text)
    USART_SetAddress                         0x0800148b   Thumb Code    18  stm32f4xx_usart.o(.text)
    USART_ReceiverWakeUpCmd                  0x0800149d   Thumb Code    24  stm32f4xx_usart.o(.text)
    USART_WakeUpConfig                       0x080014b5   Thumb Code    18  stm32f4xx_usart.o(.text)
    USART_LINBreakDetectLengthConfig         0x080014c7   Thumb Code    18  stm32f4xx_usart.o(.text)
    USART_LINCmd                             0x080014d9   Thumb Code    24  stm32f4xx_usart.o(.text)
    USART_SendBreak                          0x080014f1   Thumb Code    10  stm32f4xx_usart.o(.text)
    USART_HalfDuplexCmd                      0x080014fb   Thumb Code    24  stm32f4xx_usart.o(.text)
    USART_SetGuardTime                       0x08001513   Thumb Code    16  stm32f4xx_usart.o(.text)
    USART_SmartCardCmd                       0x08001523   Thumb Code    24  stm32f4xx_usart.o(.text)
    USART_SmartCardNACKCmd                   0x0800153b   Thumb Code    24  stm32f4xx_usart.o(.text)
    USART_IrDAConfig                         0x08001553   Thumb Code    18  stm32f4xx_usart.o(.text)
    USART_IrDACmd                            0x08001565   Thumb Code    24  stm32f4xx_usart.o(.text)
    USART_DMACmd                             0x0800157d   Thumb Code    18  stm32f4xx_usart.o(.text)
    USART_ITConfig                           0x0800158f   Thumb Code    74  stm32f4xx_usart.o(.text)
    USART_GetFlagStatus                      0x080015d9   Thumb Code    26  stm32f4xx_usart.o(.text)
    USART_ClearFlag                          0x080015f3   Thumb Code    18  stm32f4xx_usart.o(.text)
    USART_GetITStatus                        0x08001605   Thumb Code   118  stm32f4xx_usart.o(.text)
    USART_ClearITPendingBit                  0x0800167b   Thumb Code    30  stm32f4xx_usart.o(.text)
    delay_osschedlock                        0x08001699   Thumb Code    10  delay.o(.text)
    delay_osschedunlock                      0x080016a3   Thumb Code    10  delay.o(.text)
    delay_ostimedly                          0x080016ad   Thumb Code    16  delay.o(.text)
    SysTick_Handler                          0x080016bd   Thumb Code    24  delay.o(.text)
    delay_init                               0x080016d5   Thumb Code    94  delay.o(.text)
    delay_us                                 0x08001733   Thumb Code    84  delay.o(.text)
    delay_ms                                 0x08001787   Thumb Code    66  delay.o(.text)
    _sys_exit                                0x080017e1   Thumb Code     4  usart.o(.text)
    fputc                                    0x080017e5   Thumb Code    22  usart.o(.text)
    uart_init                                0x080017fb   Thumb Code   172  usart.o(.text)
    USART1_IRQHandler                        0x080018a7   Thumb Code   130  usart.o(.text)
    BSP_CPU_ClkFreq                          0x08001939   Thumb Code    14  bsp.o(.text)
    CPU_TS_TmrInit                           0x08001947   Thumb Code    44  bsp.o(.text)
    CPU_TS_TmrRd                             0x08001973   Thumb Code     6  bsp.o(.text)
    CPU_TS32_to_uSec                         0x08001979   Thumb Code    54  bsp.o(.text)
    CPU_NameClr                              0x080019bd   Thumb Code    42  cpu_core.o(.text)
    CPU_Init                                 0x080019fd   Thumb Code    12  cpu_core.o(.text)
    CPU_SW_Exception                         0x08001a09   Thumb Code     4  cpu_core.o(.text)
    CPU_NameGet                              0x08001a0d   Thumb Code    70  cpu_core.o(.text)
    CPU_NameSet                              0x08001a53   Thumb Code    96  cpu_core.o(.text)
    CPU_TS_Get32                             0x08001ab3   Thumb Code    12  cpu_core.o(.text)
    CPU_TS_Update                            0x08001abf   Thumb Code     2  cpu_core.o(.text)
    CPU_TS_TmrFreqGet                        0x08001ac1   Thumb Code    30  cpu_core.o(.text)
    CPU_TS_TmrFreqSet                        0x08001adf   Thumb Code     6  cpu_core.o(.text)
    CPU_CntLeadZeros08                       0x08001ae5   Thumb Code    18  cpu_core.o(.text)
    CPU_CntLeadZeros16                       0x08001af7   Thumb Code    18  cpu_core.o(.text)
    CPU_CntLeadZeros32                       0x08001b09   Thumb Code    18  cpu_core.o(.text)
    CPU_CntLeadZeros64                       0x08001b1b   Thumb Code   188  cpu_core.o(.text)
    CPU_CntTrailZeros08                      0x08001bd7   Thumb Code    22  cpu_core.o(.text)
    CPU_CntTrailZeros16                      0x08001bed   Thumb Code    22  cpu_core.o(.text)
    CPU_CntTrailZeros32                      0x08001c03   Thumb Code    22  cpu_core.o(.text)
    CPU_CntTrailZeros64                      0x08001c19   Thumb Code    62  cpu_core.o(.text)
    CPU_IntDis                               0x08001c65   Thumb Code     0  cpu_a.o(.text)
    CPU_IntEn                                0x08001c69   Thumb Code     0  cpu_a.o(.text)
    CPU_SR_Save                              0x08001c6d   Thumb Code     0  cpu_a.o(.text)
    CPU_SR_Restore                           0x08001c75   Thumb Code     0  cpu_a.o(.text)
    CPU_WaitForInt                           0x08001c7b   Thumb Code     0  cpu_a.o(.text)
    CPU_WaitForExcept                        0x08001c7f   Thumb Code     0  cpu_a.o(.text)
    CPU_CntLeadZeros                         0x08001c83   Thumb Code     0  cpu_a.o(.text)
    CPU_CntTrailZeros                        0x08001c89   Thumb Code     0  cpu_a.o(.text)
    CPU_RevBits                              0x08001c93   Thumb Code     0  cpu_a.o(.text)
    ASCII_IsAlpha                            0x08001c99   Thumb Code    48  lib_ascii.o(.text)
    ASCII_IsAlphaNum                         0x08001cc9   Thumb Code    76  lib_ascii.o(.text)
    ASCII_IsLower                            0x08001d15   Thumb Code    20  lib_ascii.o(.text)
    ASCII_IsUpper                            0x08001d29   Thumb Code    20  lib_ascii.o(.text)
    ASCII_IsDig                              0x08001d3d   Thumb Code    20  lib_ascii.o(.text)
    ASCII_IsDigOct                           0x08001d51   Thumb Code    20  lib_ascii.o(.text)
    ASCII_IsDigHex                           0x08001d65   Thumb Code    36  lib_ascii.o(.text)
    ASCII_IsBlank                            0x08001d89   Thumb Code    20  lib_ascii.o(.text)
    ASCII_IsSpace                            0x08001d9d   Thumb Code    36  lib_ascii.o(.text)
    ASCII_IsPrint                            0x08001dc1   Thumb Code    20  lib_ascii.o(.text)
    ASCII_IsGraph                            0x08001dd5   Thumb Code    20  lib_ascii.o(.text)
    ASCII_IsPunct                            0x08001de9   Thumb Code   134  lib_ascii.o(.text)
    ASCII_IsCtrl                             0x08001e6f   Thumb Code    26  lib_ascii.o(.text)
    ASCII_ToLower                            0x08001e89   Thumb Code    32  lib_ascii.o(.text)
    ASCII_ToUpper                            0x08001ea9   Thumb Code    32  lib_ascii.o(.text)
    ASCII_Cmp                                0x08001ec9   Thumb Code    38  lib_ascii.o(.text)
    Mem_Init                                 0x08001ef1   Thumb Code    54  lib_mem.o(.text)
    Mem_Set                                  0x08001f27   Thumb Code    84  lib_mem.o(.text)
    Mem_Clr                                  0x08001f7b   Thumb Code    18  lib_mem.o(.text)
    Mem_Move                                 0x08001f8d   Thumb Code   186  lib_mem.o(.text)
    Mem_Cmp                                  0x08002047   Thumb Code   192  lib_mem.o(.text)
    Mem_HeapAlloc                            0x0800217f   Thumb Code   168  lib_mem.o(.text)
    Mem_SegGetSizeRem                        0x08002227   Thumb Code   108  lib_mem.o(.text)
    Mem_HeapGetSizeRem                       0x08002293   Thumb Code    22  lib_mem.o(.text)
    Mem_PoolClr                              0x080022a9   Thumb Code    80  lib_mem.o(.text)
    Mem_PoolCreate                           0x080022f9   Thumb Code   838  lib_mem.o(.text)
    Mem_PoolBlkGetNbrAvail                   0x0800263f   Thumb Code    52  lib_mem.o(.text)
    Mem_PoolBlkGet                           0x08002673   Thumb Code   126  lib_mem.o(.text)
    Mem_PoolBlkGetUsedAtIx                   0x080026f1   Thumb Code   140  lib_mem.o(.text)
    Mem_PoolBlkFree                          0x0800277d   Thumb Code   152  lib_mem.o(.text)
    Mem_PoolBlkIxGet                         0x08002815   Thumb Code   162  lib_mem.o(.text)
    Str_Len_N                                0x080028b9   Thumb Code    28  lib_str.o(.text)
    Str_Len                                  0x080028d5   Thumb Code    20  lib_str.o(.text)
    Str_Copy_N                               0x080028e9   Thumb Code    70  lib_str.o(.text)
    Str_Copy                                 0x0800292f   Thumb Code    24  lib_str.o(.text)
    Str_Cat_N                                0x08002947   Thumb Code    90  lib_str.o(.text)
    Str_Cat                                  0x080029a1   Thumb Code    24  lib_str.o(.text)
    Str_Cmp_N                                0x080029b9   Thumb Code   156  lib_str.o(.text)
    Str_Cmp                                  0x08002a55   Thumb Code    24  lib_str.o(.text)
    Str_CmpIgnoreCase_N                      0x08002a6d   Thumb Code   264  lib_str.o(.text)
    Str_CmpIgnoreCase                        0x08002b75   Thumb Code    24  lib_str.o(.text)
    Str_Char_N                               0x08002b8d   Thumb Code    74  lib_str.o(.text)
    Str_Char                                 0x08002bd7   Thumb Code    24  lib_str.o(.text)
    Str_Char_Last_N                          0x08002bef   Thumb Code    76  lib_str.o(.text)
    Str_Char_Last                            0x08002c3b   Thumb Code    24  lib_str.o(.text)
    Str_Char_Replace_N                       0x08002c53   Thumb Code    52  lib_str.o(.text)
    Str_Char_Replace                         0x08002c87   Thumb Code    28  lib_str.o(.text)
    Str_Str_N                                0x08002ca3   Thumb Code   182  lib_str.o(.text)
    Str_Str                                  0x08002d59   Thumb Code    24  lib_str.o(.text)
    Str_FmtNbr_Int32U                        0x08002f4d   Thumb Code    46  lib_str.o(.text)
    Str_FmtNbr_Int32S                        0x08002f7b   Thumb Code    62  lib_str.o(.text)
    Str_ParseNbr_Int32U                      0x08003177   Thumb Code    30  lib_str.o(.text)
    Str_ParseNbr_Int32S                      0x08003195   Thumb Code    74  lib_str.o(.text)
    Mem_Copy                                 0x080031e5   Thumb Code     0  lib_mem_a.o(.text)
    OSCfg_Init                               0x08003405   Thumb Code    86  os_cfg_app.o(.text)
    OS_IdleTask                              0x08003501   Thumb Code    60  os_core.o(.text)
    OS_IdleTaskInit                          0x0800353d   Thumb Code    68  os_core.o(.text)
    OS_RdyListInit                           0x08003581   Thumb Code    32  os_core.o(.text)
    OSInit                                   0x080035a1   Thumb Code   300  os_core.o(.text)
    OSIntEnter                               0x080036cd   Thumb Code    34  os_core.o(.text)
    OSIntExit                                0x080036ef   Thumb Code   188  os_core.o(.text)
    OSSched                                  0x080037ab   Thumb Code   130  os_core.o(.text)
    OS_SchedLockTimeMeasStart                0x0800382d   Thumb Code    20  os_core.o(.text)
    OSSchedLock                              0x08003841   Thumb Code   104  os_core.o(.text)
    OS_SchedLockTimeMeasStop                 0x080038a9   Thumb Code    44  os_core.o(.text)
    OSSchedUnlock                            0x080038d5   Thumb Code   286  os_core.o(.text)
    OSSchedRoundRobinCfg                     0x080039f3   Thumb Code    88  os_core.o(.text)
    OS_RdyListMoveHeadToTail                 0x08003a4b   Thumb Code    68  os_core.o(.text)
    OSSchedRoundRobinYield                   0x08003a8f   Thumb Code   164  os_core.o(.text)
    OSStart                                  0x08003b33   Thumb Code    78  os_core.o(.text)
    OSVersion                                0x08003b81   Thumb Code    12  os_core.o(.text)
    OS_PendDbgNameAdd                        0x08003b8d   Thumb Code    66  os_core.o(.text)
    OS_PendListInsertPrio                    0x08003bcf   Thumb Code   102  os_core.o(.text)
    OS_PendDataInit                          0x08003c35   Thumb Code    38  os_core.o(.text)
    OS_RdyListRemove                         0x08003c5b   Thumb Code    86  os_core.o(.text)
    OS_TaskBlock                             0x08003cb1   Thumb Code    56  os_core.o(.text)
    OS_Pend                                  0x08003ce9   Thumb Code    98  os_core.o(.text)
    OS_PendListRemove1                       0x08003d4b   Thumb Code   136  os_core.o(.text)
    OS_PendListRemove                        0x08003dd3   Thumb Code    48  os_core.o(.text)
    OS_PendAbort1                            0x08003e03   Thumb Code    36  os_core.o(.text)
    OS_RdyListInsertHead                     0x08003e27   Thumb Code    58  os_core.o(.text)
    OS_RdyListInsertTail                     0x08003e61   Thumb Code    56  os_core.o(.text)
    OS_RdyListInsert                         0x08003e99   Thumb Code    40  os_core.o(.text)
    OS_TaskRdy                               0x08003ec1   Thumb Code    28  os_core.o(.text)
    OS_PendAbort                             0x08003edd   Thumb Code   166  os_core.o(.text)
    OS_PendDbgNameRemove                     0x08003f83   Thumb Code    34  os_core.o(.text)
    OS_PendListChangePrio                    0x08003fa5   Thumb Code    70  os_core.o(.text)
    OS_PendListInit                          0x08003feb   Thumb Code    10  os_core.o(.text)
    OS_PendListInsertHead                    0x08003ff5   Thumb Code    32  os_core.o(.text)
    OS_PendObjDel1                           0x08004015   Thumb Code    36  os_core.o(.text)
    OS_PendObjDel                            0x08004039   Thumb Code   162  os_core.o(.text)
    OS_Post1                                 0x080040db   Thumb Code    42  os_core.o(.text)
    OS_Post                                  0x08004105   Thumb Code   192  os_core.o(.text)
    OS_Sched0                                0x080041c5   Thumb Code    68  os_core.o(.text)
    OS_SchedRoundRobin                       0x08004209   Thumb Code   218  os_core.o(.text)
    OS_Dbg_Init                              0x080042f1   Thumb Code   146  os_dbg.o(.text)
    OS_FlagDbgListAdd                        0x080044a1   Thumb Code    38  os_flag.o(.text)
    OSFlagCreate                             0x080044c7   Thumb Code   172  os_flag.o(.text)
    OS_FlagClr                               0x08004573   Thumb Code    28  os_flag.o(.text)
    OS_FlagDbgListRemove                     0x0800458f   Thumb Code    44  os_flag.o(.text)
    OSFlagDel                                0x080045bb   Thumb Code   594  os_flag.o(.text)
    OS_FlagBlock                             0x0800480d   Thumb Code    58  os_flag.o(.text)
    OSFlagPend                               0x08004847   Thumb Code  1488  os_flag.o(.text)
    OSFlagPendAbort                          0x08004e17   Thumb Code   292  os_flag.o(.text)
    OSFlagPendGetFlagsRdy                    0x08004f3b   Thumb Code    68  os_flag.o(.text)
    OS_FlagTaskRdy                           0x08004f7f   Thumb Code    86  os_flag.o(.text)
    OS_FlagPost                              0x08004fd5   Thumb Code   570  os_flag.o(.text)
    OSFlagPost                               0x0800520f   Thumb Code   146  os_flag.o(.text)
    OS_FlagInit                              0x080052a1   Thumb Code    14  os_flag.o(.text)
    OS_IntQPost                              0x080052c9   Thumb Code   216  os_int.o(.text)
    OS_IntQRePost                            0x080053a1   Thumb Code   360  os_int.o(.text)
    OS_IntQTask                              0x08005509   Thumb Code   162  os_int.o(.text)
    OS_IntQTaskInit                          0x080055ab   Thumb Code   208  os_int.o(.text)
    OS_MemDbgListAdd                         0x0800570d   Thumb Code    34  os_mem.o(.text)
    OSMemCreate                              0x0800572f   Thumb Code   288  os_mem.o(.text)
    OSMemGet                                 0x0800584f   Thumb Code   100  os_mem.o(.text)
    OSMemPut                                 0x080058b3   Thumb Code   112  os_mem.o(.text)
    OS_MemInit                               0x08005923   Thumb Code    14  os_mem.o(.text)
    OS_MsgPoolCreate                         0x08005945   Thumb Code    54  os_msg.o(.text)
    OS_MsgPoolInit                           0x0800597b   Thumb Code    70  os_msg.o(.text)
    OS_MsgQFreeAll                           0x080059c1   Thumb Code    62  os_msg.o(.text)
    OS_MsgQInit                              0x080059ff   Thumb Code    14  os_msg.o(.text)
    OS_MsgQGet                               0x08005a0d   Thumb Code    98  os_msg.o(.text)
    OS_MsgQPut                               0x08005a6f   Thumb Code   246  os_msg.o(.text)
    OS_MutexDbgListAdd                       0x08005b71   Thumb Code    38  os_mutex.o(.text)
    OSMutexCreate                            0x08005b97   Thumb Code   178  os_mutex.o(.text)
    OS_MutexClr                              0x08005c49   Thumb Code    38  os_mutex.o(.text)
    OS_MutexDbgListRemove                    0x08005c6f   Thumb Code    44  os_mutex.o(.text)
    OSMutexDel                               0x08005c9b   Thumb Code   842  os_mutex.o(.text)
    OSMutexPend                              0x08005fe5   Thumb Code   706  os_mutex.o(.text)
    OSMutexPendAbort                         0x080062a7   Thumb Code   314  os_mutex.o(.text)
    OSMutexPost                              0x080063e1   Thumb Code   564  os_mutex.o(.text)
    OS_MutexInit                             0x08006615   Thumb Code    14  os_mutex.o(.text)
    OS_PrioInit                              0x08006645   Thumb Code    20  os_prio.o(.text)
    OS_PrioGetHighest                        0x08006659   Thumb Code    36  os_prio.o(.text)
    OS_PrioInsert                            0x0800667d   Thumb Code    32  os_prio.o(.text)
    OS_PrioRemove                            0x0800669d   Thumb Code    32  os_prio.o(.text)
    OS_QDbgListAdd                           0x080066c1   Thumb Code    38  os_q.o(.text)
    OSQCreate                                0x080066e7   Thumb Code   186  os_q.o(.text)
    OS_QClr                                  0x080067a1   Thumb Code    40  os_q.o(.text)
    OS_QDbgListRemove                        0x080067c9   Thumb Code    44  os_q.o(.text)
    OSQDel                                   0x080067f5   Thumb Code   362  os_q.o(.text)
    OSQFlush                                 0x0800695f   Thumb Code   210  os_q.o(.text)
    OSQPend                                  0x08006a31   Thumb Code   538  os_q.o(.text)
    OSQPendAbort                             0x08006c4b   Thumb Code   292  os_q.o(.text)
    OS_QPost                                 0x08006d6f   Thumb Code   324  os_q.o(.text)
    OSQPost                                  0x08006eb3   Thumb Code   198  os_q.o(.text)
    OS_QInit                                 0x08006f79   Thumb Code    14  os_q.o(.text)
    OS_SemDbgListAdd                         0x08006f99   Thumb Code    38  os_sem.o(.text)
    OSSemCreate                              0x08006fbf   Thumb Code   172  os_sem.o(.text)
    OS_SemClr                                0x0800706b   Thumb Code    28  os_sem.o(.text)
    OS_SemDbgListRemove                      0x08007087   Thumb Code    44  os_sem.o(.text)
    OSSemDel                                 0x080070b3   Thumb Code   362  os_sem.o(.text)
    OSSemPend                                0x0800721d   Thumb Code   504  os_sem.o(.text)
    OSSemPendAbort                           0x08007415   Thumb Code   292  os_sem.o(.text)
    OS_SemPost                               0x08007539   Thumb Code   350  os_sem.o(.text)
    OSSemPost                                0x08007697   Thumb Code   144  os_sem.o(.text)
    OSSemSet                                 0x08007727   Thumb Code   138  os_sem.o(.text)
    OS_SemInit                               0x080077b1   Thumb Code    14  os_sem.o(.text)
    OSStatReset                              0x080077c9   Thumb Code   270  os_stat.o(.text)
    OSStatTaskCPUUsageInit                   0x080078d7   Thumb Code   212  os_stat.o(.text)
    OS_StatTask                              0x080079ab   Thumb Code   888  os_stat.o(.text)
    OS_StatTaskInit                          0x08007d23   Thumb Code   138  os_stat.o(.text)
    OSTaskChangePrio                         0x08007e01   Thumb Code   416  os_task.o(.text)
    OS_TaskDbgListAdd                        0x08007fa1   Thumb Code    42  os_task.o(.text)
    OS_TaskInitTCB                           0x08007fcb   Thumb Code   186  os_task.o(.text)
    OSTaskCreate                             0x08008085   Thumb Code   616  os_task.o(.text)
    OS_TaskDbgListRemove                     0x080082ed   Thumb Code    64  os_task.o(.text)
    OSTaskDel                                0x0800832d   Thumb Code   424  os_task.o(.text)
    OSTaskQFlush                             0x080084d5   Thumb Code   214  os_task.o(.text)
    OSTaskQPend                              0x080085ab   Thumb Code   554  os_task.o(.text)
    OSTaskQPendAbort                         0x080087d5   Thumb Code   242  os_task.o(.text)
    OS_TaskQPost                             0x080088c7   Thumb Code   526  os_task.o(.text)
    OSTaskQPost                              0x08008ad5   Thumb Code   114  os_task.o(.text)
    OSTaskRegGet                             0x08008b47   Thumb Code    78  os_task.o(.text)
    OSTaskRegGetID                           0x08008b95   Thumb Code    84  os_task.o(.text)
    OSTaskRegSet                             0x08008be9   Thumb Code    78  os_task.o(.text)
    OS_TaskResume                            0x08008c37   Thumb Code   314  os_task.o(.text)
    OSTaskResume                             0x08008d71   Thumb Code   112  os_task.o(.text)
    OSTaskSemPend                            0x08008de1   Thumb Code   550  os_task.o(.text)
    OSTaskSemPendAbort                       0x08009007   Thumb Code   270  os_task.o(.text)
    OS_TaskSemPost                           0x08009115   Thumb Code  1224  os_task.o(.text)
    OSTaskSemPost                            0x080095dd   Thumb Code    98  os_task.o(.text)
    OSTaskSemSet                             0x0800963f   Thumb Code    80  os_task.o(.text)
    OSTaskStkChk                             0x0800968f   Thumb Code   224  os_task.o(.text)
    OS_TaskSuspend                           0x0800976f   Thumb Code   328  os_task.o(.text)
    OSTaskSuspend                            0x080098b7   Thumb Code    78  os_task.o(.text)
    OSTaskTimeQuantaSet                      0x08009905   Thumb Code    96  os_task.o(.text)
    OS_TaskInit                              0x08009965   Thumb Code    18  os_task.o(.text)
    OS_TaskReturn                            0x08009977   Thumb Code    20  os_task.o(.text)
    OS_TickListRemove                        0x080099b5   Thumb Code    56  os_tick.o(.text)
    OS_TickListUpdate                        0x080099ed   Thumb Code   480  os_tick.o(.text)
    OS_TickTask                              0x08009bcd   Thumb Code    38  os_tick.o(.text)
    OS_TickListInit                          0x08009bf3   Thumb Code    32  os_tick.o(.text)
    OS_TickTaskInit                          0x08009c13   Thumb Code   130  os_tick.o(.text)
    OS_TickListInsert                        0x08009c95   Thumb Code   502  os_tick.o(.text)
    OS_TickListResetPeak                     0x08009e8b   Thumb Code    28  os_tick.o(.text)
    OSTimeDly                                0x08009eb1   Thumb Code   266  os_time.o(.text)
    OSTimeDlyHMSM                            0x08009fbb   Thumb Code   480  os_time.o(.text)
    OSTimeDlyResume                          0x0800a19b   Thumb Code   466  os_time.o(.text)
    OSTimeGet                                0x0800a36d   Thumb Code    46  os_time.o(.text)
    OSTimeSet                                0x0800a39b   Thumb Code    46  os_time.o(.text)
    OSTimeTick                               0x0800a3c9   Thumb Code    54  os_time.o(.text)
    OS_TmrDbgListAdd                         0x0800a415   Thumb Code    34  os_tmr.o(.text)
    OSTmrCreate                              0x0800a437   Thumb Code   248  os_tmr.o(.text)
    OS_TmrClr                                0x0800a52f   Thumb Code    36  os_tmr.o(.text)
    OS_TmrUnlink                             0x0800a553   Thumb Code    72  os_tmr.o(.text)
    OS_TmrDbgListRemove                      0x0800a59b   Thumb Code    44  os_tmr.o(.text)
    OSTmrDel                                 0x0800a5c7   Thumb Code   176  os_tmr.o(.text)
    OSTmrRemainGet                           0x0800a677   Thumb Code   184  os_tmr.o(.text)
    OS_TmrLink                               0x0800a72f   Thumb Code   196  os_tmr.o(.text)
    OSTmrStart                               0x0800a7f3   Thumb Code   210  os_tmr.o(.text)
    OSTmrStateGet                            0x0800a8c5   Thumb Code   134  os_tmr.o(.text)
    OSTmrStop                                0x0800a94b   Thumb Code   232  os_tmr.o(.text)
    OS_TmrTask                               0x0800aa33   Thumb Code   176  os_tmr.o(.text)
    OS_TmrInit                               0x0800aae3   Thumb Code   208  os_tmr.o(.text)
    OS_TmrResetPeak                          0x0800abb3   Thumb Code    28  os_tmr.o(.text)
    OSIdleTaskHook                           0x0800ac2d   Thumb Code    16  os_cpu_c.o(.text)
    OSInitHook                               0x0800ac3d   Thumb Code    28  os_cpu_c.o(.text)
    OSStatTaskHook                           0x0800ac59   Thumb Code    16  os_cpu_c.o(.text)
    OSTaskCreateHook                         0x0800ac69   Thumb Code    20  os_cpu_c.o(.text)
    OSTaskDelHook                            0x0800ac7d   Thumb Code    20  os_cpu_c.o(.text)
    OSTaskReturnHook                         0x0800ac91   Thumb Code    20  os_cpu_c.o(.text)
    OSTaskStkInit                            0x0800aca5   Thumb Code   600  os_cpu_c.o(.text)
    OSTaskSwHook                             0x0800aefd   Thumb Code   120  os_cpu_c.o(.text)
    OSTimeTickHook                           0x0800af75   Thumb Code    16  os_cpu_c.o(.text)
    OS_CPU_SysTickHandler                    0x0800af85   Thumb Code    52  os_cpu_c.o(.text)
    OS_CPU_SysTickInit                       0x0800afb9   Thumb Code    44  os_cpu_c.o(.text)
    __use_no_semihosting                     0x0800b025   Thumb Code     2  use_no_semi_2.o(.text)
    __aeabi_uldivmod                         0x0800b027   Thumb Code     0  lludivv7m.o(.text)
    _ll_udiv                                 0x0800b027   Thumb Code   238  lludivv7m.o(.text)
    __use_two_region_memory                  0x0800b115   Thumb Code     2  heapauxi.o(.text)
    __rt_heap_escrow$2region                 0x0800b117   Thumb Code     2  heapauxi.o(.text)
    __rt_heap_expand$2region                 0x0800b119   Thumb Code     2  heapauxi.o(.text)
    __I$use$semihosting                      0x0800b11b   Thumb Code     0  use_no_semi.o(.text)
    __use_no_semihosting_swi                 0x0800b11b   Thumb Code     2  use_no_semi.o(.text)
    __user_setup_stackheap                   0x0800b11d   Thumb Code    74  sys_stackheap_outer.o(.text)
    exit                                     0x0800b167   Thumb Code    18  exit.o(.text)
    __user_libspace                          0x0800b179   Thumb Code     8  libspace.o(.text)
    __user_perproc_libspace                  0x0800b179   Thumb Code     0  libspace.o(.text)
    __user_perthread_libspace                0x0800b179   Thumb Code     0  libspace.o(.text)
    OSStartHighRdy                           0x0800b181   Thumb Code     0  os_cpu_a.o(CODE)
    OSCtxSw                                  0x0800b1a3   Thumb Code     0  os_cpu_a.o(CODE)
    OSIntCtxSw                               0x0800b1ad   Thumb Code     0  os_cpu_a.o(CODE)
    PendSV_Handler                           0x0800b1b7   Thumb Code     0  os_cpu_a.o(CODE)
    _fp_init                                 0x0800b22d   Thumb Code    10  fpinit.o(x$fpl$fpinit)
    __fplib_config_fpu_vfp                   0x0800b235   Thumb Code     0  fpinit.o(x$fpl$fpinit)
    __fplib_config_pureend_doubles           0x0800b235   Thumb Code     0  fpinit.o(x$fpl$fpinit)
    CPU_EndiannessTest                       0x0800b338   Data           4  cpu_core.o(.constdata)
    OSCfg_IdleTaskStkBasePtr                 0x0800b3d0   Data           4  os_cfg_app.o(.constdata)
    OSCfg_IdleTaskStkLimit                   0x0800b3d4   Data           4  os_cfg_app.o(.constdata)
    OSCfg_IdleTaskStkSize                    0x0800b3d8   Data           4  os_cfg_app.o(.constdata)
    OSCfg_IdleTaskStkSizeRAM                 0x0800b3dc   Data           4  os_cfg_app.o(.constdata)
    OSCfg_IntQBasePtr                        0x0800b3e0   Data           4  os_cfg_app.o(.constdata)
    OSCfg_IntQSize                           0x0800b3e4   Data           2  os_cfg_app.o(.constdata)
    OSCfg_IntQSizeRAM                        0x0800b3e8   Data           4  os_cfg_app.o(.constdata)
    OSCfg_IntQTaskStkBasePtr                 0x0800b3ec   Data           4  os_cfg_app.o(.constdata)
    OSCfg_IntQTaskStkLimit                   0x0800b3f0   Data           4  os_cfg_app.o(.constdata)
    OSCfg_IntQTaskStkSize                    0x0800b3f4   Data           4  os_cfg_app.o(.constdata)
    OSCfg_IntQTaskStkSizeRAM                 0x0800b3f8   Data           4  os_cfg_app.o(.constdata)
    OSCfg_ISRStkBasePtr                      0x0800b3fc   Data           4  os_cfg_app.o(.constdata)
    OSCfg_ISRStkSize                         0x0800b400   Data           4  os_cfg_app.o(.constdata)
    OSCfg_ISRStkSizeRAM                      0x0800b404   Data           4  os_cfg_app.o(.constdata)
    OSCfg_MsgPoolSize                        0x0800b408   Data           2  os_cfg_app.o(.constdata)
    OSCfg_MsgPoolSizeRAM                     0x0800b40c   Data           4  os_cfg_app.o(.constdata)
    OSCfg_MsgPoolBasePtr                     0x0800b410   Data           4  os_cfg_app.o(.constdata)
    OSCfg_StatTaskPrio                       0x0800b414   Data           1  os_cfg_app.o(.constdata)
    OSCfg_StatTaskRate_Hz                    0x0800b418   Data           4  os_cfg_app.o(.constdata)
    OSCfg_StatTaskStkBasePtr                 0x0800b41c   Data           4  os_cfg_app.o(.constdata)
    OSCfg_StatTaskStkLimit                   0x0800b420   Data           4  os_cfg_app.o(.constdata)
    OSCfg_StatTaskStkSize                    0x0800b424   Data           4  os_cfg_app.o(.constdata)
    OSCfg_StatTaskStkSizeRAM                 0x0800b428   Data           4  os_cfg_app.o(.constdata)
    OSCfg_StkSizeMin                         0x0800b42c   Data           4  os_cfg_app.o(.constdata)
    OSCfg_TickRate_Hz                        0x0800b430   Data           4  os_cfg_app.o(.constdata)
    OSCfg_TickTaskPrio                       0x0800b434   Data           1  os_cfg_app.o(.constdata)
    OSCfg_TickTaskStkBasePtr                 0x0800b438   Data           4  os_cfg_app.o(.constdata)
    OSCfg_TickTaskStkLimit                   0x0800b43c   Data           4  os_cfg_app.o(.constdata)
    OSCfg_TickTaskStkSize                    0x0800b440   Data           4  os_cfg_app.o(.constdata)
    OSCfg_TickTaskStkSizeRAM                 0x0800b444   Data           4  os_cfg_app.o(.constdata)
    OSCfg_TickWheelSize                      0x0800b448   Data           2  os_cfg_app.o(.constdata)
    OSCfg_TickWheelSizeRAM                   0x0800b44c   Data           4  os_cfg_app.o(.constdata)
    OSCfg_TmrTaskPrio                        0x0800b450   Data           1  os_cfg_app.o(.constdata)
    OSCfg_TmrTaskRate_Hz                     0x0800b454   Data           4  os_cfg_app.o(.constdata)
    OSCfg_TmrTaskStkBasePtr                  0x0800b458   Data           4  os_cfg_app.o(.constdata)
    OSCfg_TmrTaskStkLimit                    0x0800b45c   Data           4  os_cfg_app.o(.constdata)
    OSCfg_TmrTaskStkSize                     0x0800b460   Data           4  os_cfg_app.o(.constdata)
    OSCfg_TmrTaskStkSizeRAM                  0x0800b464   Data           4  os_cfg_app.o(.constdata)
    OSCfg_TmrWheelSize                       0x0800b468   Data           2  os_cfg_app.o(.constdata)
    OSCfg_TmrWheelSizeRAM                    0x0800b46c   Data           4  os_cfg_app.o(.constdata)
    OSCfg_DataSizeRAM                        0x0800b470   Data           4  os_cfg_app.o(.constdata)
    OSDbg_DbgEn                              0x0800b474   Data           2  os_dbg.o(.constdata)
    OSDbg_ArgChkEn                           0x0800b476   Data           1  os_dbg.o(.constdata)
    OSDbg_AppHooksEn                         0x0800b477   Data           1  os_dbg.o(.constdata)
    OSDbg_EndiannessTest                     0x0800b478   Data           4  os_dbg.o(.constdata)
    OSDbg_CalledFromISRChkEn                 0x0800b47c   Data           1  os_dbg.o(.constdata)
    OSDbg_FlagEn                             0x0800b47d   Data           1  os_dbg.o(.constdata)
    OSDbg_FlagGrp                            0x0800b480   Data          40  os_dbg.o(.constdata)
    OSDbg_FlagDelEn                          0x0800b4a8   Data           1  os_dbg.o(.constdata)
    OSDbg_FlagModeClrEn                      0x0800b4a9   Data           1  os_dbg.o(.constdata)
    OSDbg_FlagPendAbortEn                    0x0800b4aa   Data           1  os_dbg.o(.constdata)
    OSDbg_FlagGrpSize                        0x0800b4ac   Data           2  os_dbg.o(.constdata)
    OSDbg_FlagWidth                          0x0800b4ae   Data           2  os_dbg.o(.constdata)
    OSDbg_IntQ                               0x0800b4b0   Data           2  os_dbg.o(.constdata)
    OSDbg_ISRPostDeferredEn                  0x0800b4b2   Data           1  os_dbg.o(.constdata)
    OSDbg_Mem                                0x0800b4b4   Data          32  os_dbg.o(.constdata)
    OSDbg_MemEn                              0x0800b4d4   Data           1  os_dbg.o(.constdata)
    OSDbg_MemSize                            0x0800b4d6   Data           2  os_dbg.o(.constdata)
    OSDbg_MsgEn                              0x0800b4d8   Data           1  os_dbg.o(.constdata)
    OSDbg_MsgSize                            0x0800b4da   Data           2  os_dbg.o(.constdata)
    OSDbg_MsgPoolSize                        0x0800b4dc   Data           2  os_dbg.o(.constdata)
    OSDbg_MsgQSize                           0x0800b4de   Data           2  os_dbg.o(.constdata)
    OSDbg_Mutex                              0x0800b4e0   Data          44  os_dbg.o(.constdata)
    OSDbg_MutexEn                            0x0800b50c   Data           1  os_dbg.o(.constdata)
    OSDbg_MutexDelEn                         0x0800b50d   Data           1  os_dbg.o(.constdata)
    OSDbg_MutexPendAbortEn                   0x0800b50e   Data           1  os_dbg.o(.constdata)
    OSDbg_MutexSize                          0x0800b510   Data           2  os_dbg.o(.constdata)
    OSDbg_ObjTypeChkEn                       0x0800b512   Data           1  os_dbg.o(.constdata)
    OSDbg_PendMultiEn                        0x0800b513   Data           1  os_dbg.o(.constdata)
    OSDbg_PendDataSize                       0x0800b514   Data           2  os_dbg.o(.constdata)
    OSDbg_PendListSize                       0x0800b516   Data           2  os_dbg.o(.constdata)
    OSDbg_PendObjSize                        0x0800b518   Data           2  os_dbg.o(.constdata)
    OSDbg_PrioMax                            0x0800b51a   Data           2  os_dbg.o(.constdata)
    OSDbg_PrioTblSize                        0x0800b51c   Data           2  os_dbg.o(.constdata)
    OSDbg_PtrSize                            0x0800b51e   Data           2  os_dbg.o(.constdata)
    OSDbg_Q                                  0x0800b520   Data          48  os_dbg.o(.constdata)
    OSDbg_QEn                                0x0800b550   Data           1  os_dbg.o(.constdata)
    OSDbg_QDelEn                             0x0800b551   Data           1  os_dbg.o(.constdata)
    OSDbg_QFlushEn                           0x0800b552   Data           1  os_dbg.o(.constdata)
    OSDbg_QPendAbortEn                       0x0800b553   Data           1  os_dbg.o(.constdata)
    OSDbg_QSize                              0x0800b554   Data           2  os_dbg.o(.constdata)
    OSDbg_SchedRoundRobinEn                  0x0800b556   Data           1  os_dbg.o(.constdata)
    OSDbg_Sem                                0x0800b558   Data          40  os_dbg.o(.constdata)
    OSDbg_SemEn                              0x0800b580   Data           1  os_dbg.o(.constdata)
    OSDbg_SemDelEn                           0x0800b581   Data           1  os_dbg.o(.constdata)
    OSDbg_SemPendAbortEn                     0x0800b582   Data           1  os_dbg.o(.constdata)
    OSDbg_SemSetEn                           0x0800b583   Data           1  os_dbg.o(.constdata)
    OSDbg_SemSize                            0x0800b584   Data           2  os_dbg.o(.constdata)
    OSDbg_RdyList                            0x0800b586   Data           2  os_dbg.o(.constdata)
    OSDbg_RdyListSize                        0x0800b588   Data           4  os_dbg.o(.constdata)
    OSDbg_StkWidth                           0x0800b58c   Data           1  os_dbg.o(.constdata)
    OSDbg_StatTaskEn                         0x0800b58d   Data           1  os_dbg.o(.constdata)
    OSDbg_StatTaskStkChkEn                   0x0800b58e   Data           1  os_dbg.o(.constdata)
    OSDbg_TaskChangePrioEn                   0x0800b58f   Data           1  os_dbg.o(.constdata)
    OSDbg_TaskDelEn                          0x0800b590   Data           1  os_dbg.o(.constdata)
    OSDbg_TaskQEn                            0x0800b591   Data           1  os_dbg.o(.constdata)
    OSDbg_TaskQPendAbortEn                   0x0800b592   Data           1  os_dbg.o(.constdata)
    OSDbg_TaskProfileEn                      0x0800b593   Data           1  os_dbg.o(.constdata)
    OSDbg_TaskRegTblSize                     0x0800b594   Data           2  os_dbg.o(.constdata)
    OSDbg_TaskSemPendAbortEn                 0x0800b596   Data           1  os_dbg.o(.constdata)
    OSDbg_TaskSuspendEn                      0x0800b597   Data           1  os_dbg.o(.constdata)
    OSDbg_TCBSize                            0x0800b598   Data           2  os_dbg.o(.constdata)
    OSDbg_TickSpokeSize                      0x0800b59a   Data           2  os_dbg.o(.constdata)
    OSDbg_TimeDlyHMSMEn                      0x0800b59c   Data           1  os_dbg.o(.constdata)
    OSDbg_TimeDlyResumeEn                    0x0800b59d   Data           1  os_dbg.o(.constdata)
    OSDbg_TLS_TblSize                        0x0800b59e   Data           2  os_dbg.o(.constdata)
    OSDbg_Tmr                                0x0800b5a0   Data          52  os_dbg.o(.constdata)
    OSDbg_TmrEn                              0x0800b5d4   Data           1  os_dbg.o(.constdata)
    OSDbg_TmrDelEn                           0x0800b5d5   Data           1  os_dbg.o(.constdata)
    OSDbg_TmrSize                            0x0800b5d6   Data           2  os_dbg.o(.constdata)
    OSDbg_TmrSpokeSize                       0x0800b5d8   Data           2  os_dbg.o(.constdata)
    OSDbg_VersionNbr                         0x0800b5da   Data           2  os_dbg.o(.constdata)
    OSDbg_DataSize                           0x0800b5dc   Data           4  os_dbg.o(.constdata)
    Region$$Table$$Base                      0x0800b5e0   Number         0  anon$$obj.o(Region$$Table)
    Region$$Table$$Limit                     0x0800b600   Number         0  anon$$obj.o(Region$$Table)
    SystemCoreClock                          0x20000004   Data           4  system_stm32f4xx.o(.data)
    AHBPrescTable                            0x20000008   Data          16  system_stm32f4xx.o(.data)
    __stdout                                 0x2000002c   Data           4  usart.o(.data)
    USART_RX_STA                             0x20000030   Data           2  usart.o(.data)
    CPU_TS_TmrFreq_Hz                        0x20000034   Data           4  cpu_core.o(.data)
    Mem_PoolTbl                              0x20000038   Data           4  lib_mem.o(.data)
    OSPrioTbl                                0x2000003c   Data           8  os_prio.o(.data)
    OS_AppTaskCreateHookPtr                  0x20000044   Data           4  os_var.o(.data)
    OS_AppTaskDelHookPtr                     0x20000048   Data           4  os_var.o(.data)
    OS_AppTaskReturnHookPtr                  0x2000004c   Data           4  os_var.o(.data)
    OS_AppIdleTaskHookPtr                    0x20000050   Data           4  os_var.o(.data)
    OS_AppStatTaskHookPtr                    0x20000054   Data           4  os_var.o(.data)
    OS_AppTaskSwHookPtr                      0x20000058   Data           4  os_var.o(.data)
    OS_AppTimeTickHookPtr                    0x2000005c   Data           4  os_var.o(.data)
    OSIdleTaskCtr                            0x20000060   Data           4  os_var.o(.data)
    OSIntNestingCtr                          0x20000064   Data           1  os_var.o(.data)
    OSRunning                                0x20000065   Data           1  os_var.o(.data)
    OSIntQInPtr                              0x20000068   Data           4  os_var.o(.data)
    OSIntQOutPtr                             0x2000006c   Data           4  os_var.o(.data)
    OSIntQNbrEntries                         0x20000070   Data           2  os_var.o(.data)
    OSIntQNbrEntriesMax                      0x20000072   Data           2  os_var.o(.data)
    OSIntQOvfCtr                             0x20000074   Data           2  os_var.o(.data)
    OSIntQTaskTimeMax                        0x20000078   Data           4  os_var.o(.data)
    OSFlagDbgListPtr                         0x2000007c   Data           4  os_var.o(.data)
    OSFlagQty                                0x20000080   Data           2  os_var.o(.data)
    OSMemDbgListPtr                          0x20000084   Data           4  os_var.o(.data)
    OSMemQty                                 0x20000088   Data           2  os_var.o(.data)
    OSMutexDbgListPtr                        0x2000008c   Data           4  os_var.o(.data)
    OSMutexQty                               0x20000090   Data           2  os_var.o(.data)
    OSPrioCur                                0x20000092   Data           1  os_var.o(.data)
    OSPrioHighRdy                            0x20000093   Data           1  os_var.o(.data)
    OSPrioSaved                              0x20000094   Data           1  os_var.o(.data)
    OSQDbgListPtr                            0x20000098   Data           4  os_var.o(.data)
    OSQQty                                   0x2000009c   Data           2  os_var.o(.data)
    OSSchedLockTimeBegin                     0x200000a0   Data           4  os_var.o(.data)
    OSSchedLockTimeMax                       0x200000a4   Data           4  os_var.o(.data)
    OSSchedLockTimeMaxCur                    0x200000a8   Data           4  os_var.o(.data)
    OSSchedLockNestingCtr                    0x200000ac   Data           1  os_var.o(.data)
    OSSchedRoundRobinDfltTimeQuanta          0x200000b0   Data           4  os_var.o(.data)
    OSSchedRoundRobinEn                      0x200000b4   Data           1  os_var.o(.data)
    OSSemDbgListPtr                          0x200000b8   Data           4  os_var.o(.data)
    OSSemQty                                 0x200000bc   Data           2  os_var.o(.data)
    OSStatResetFlag                          0x200000be   Data           1  os_var.o(.data)
    OSStatTaskCPUUsage                       0x200000c0   Data           2  os_var.o(.data)
    OSStatTaskCPUUsageMax                    0x200000c2   Data           2  os_var.o(.data)
    OSStatTaskCtr                            0x200000c4   Data           4  os_var.o(.data)
    OSStatTaskCtrMax                         0x200000c8   Data           4  os_var.o(.data)
    OSStatTaskCtrRun                         0x200000cc   Data           4  os_var.o(.data)
    OSStatTaskRdy                            0x200000d0   Data           1  os_var.o(.data)
    OSStatTaskTimeMax                        0x200000d4   Data           4  os_var.o(.data)
    OSTaskCtxSwCtr                           0x200000d8   Data           4  os_var.o(.data)
    OSTaskDbgListPtr                         0x200000dc   Data           4  os_var.o(.data)
    OSTaskQty                                0x200000e0   Data           2  os_var.o(.data)
    OSTaskRegNextAvailID                     0x200000e2   Data           1  os_var.o(.data)
    OSTickCtr                                0x200000e4   Data           4  os_var.o(.data)
    OSTickTaskTimeMax                        0x200000e8   Data           4  os_var.o(.data)
    OSTmrDbgListPtr                          0x200000ec   Data           4  os_var.o(.data)
    OSTmrQty                                 0x200000f0   Data           2  os_var.o(.data)
    OSTmrTaskTimeMax                         0x200000f4   Data           4  os_var.o(.data)
    OSTmrTickCtr                             0x200000f8   Data           4  os_var.o(.data)
    OSTmrUpdateCnt                           0x200000fc   Data           4  os_var.o(.data)
    OSTmrUpdateCtr                           0x20000100   Data           4  os_var.o(.data)
    OSTCBCurPtr                              0x20000104   Data           4  os_var.o(.data)
    OSTCBHighRdyPtr                          0x20000108   Data           4  os_var.o(.data)
    OS_CPU_ExceptStkBase                     0x2000010c   Data           4  os_cpu_c.o(.data)
    start_task_tcb                           0x20000110   Data         196  main.o(.bss)
    start_stack_size                         0x200001d4   Data         512  main.o(.bss)
    led1_task_tcb                            0x200003d4   Data         196  main.o(.bss)
    led1_stack_size                          0x20000498   Data         512  main.o(.bss)
    led2_task_tcb                            0x20000698   Data         196  main.o(.bss)
    led2_stack_size                          0x2000075c   Data         512  main.o(.bss)
    tmr1                                     0x2000095c   Data          52  main.o(.bss)
    KeyMessage                               0x20000990   Data          48  main.o(.bss)
    USART_RX_BUF                             0x200009c0   Data         200  usart.o(.bss)
    CPU_Name                                 0x20000a88   Data          16  cpu_core.o(.bss)
    Mem_PoolHeap                             0x20000a98   Data          72  lib_mem.o(.bss)
    Mem_Heap                                 0x20000ae0   Data        1024  lib_mem.o(.bss)
    OSCfg_IdleTaskStk                        0x20000ee0   Data         512  os_cfg_app.o(.bss)
    OSCfg_IntQ                               0x200010e0   Data         320  os_cfg_app.o(.bss)
    OSCfg_IntQTaskStk                        0x20001220   Data         512  os_cfg_app.o(.bss)
    OSCfg_ISRStk                             0x20001420   Data         512  os_cfg_app.o(.bss)
    OSCfg_MsgPool                            0x20001620   Data        1600  os_cfg_app.o(.bss)
    OSCfg_StatTaskStk                        0x20001c60   Data         512  os_cfg_app.o(.bss)
    OSCfg_TickTaskStk                        0x20001e60   Data         512  os_cfg_app.o(.bss)
    OSCfg_TickWheel                          0x20002060   Data         136  os_cfg_app.o(.bss)
    OSCfg_TmrTaskStk                         0x200020e8   Data         512  os_cfg_app.o(.bss)
    OSCfg_TmrWheel                           0x200022e8   Data         136  os_cfg_app.o(.bss)
    OSIdleTaskTCB                            0x20002370   Data         196  os_var.o(.bss)
    OSIntQTaskTCB                            0x20002434   Data         196  os_var.o(.bss)
    OSMsgPool                                0x200024f8   Data          12  os_var.o(.bss)
    OSRdyList                                0x20002504   Data         768  os_var.o(.bss)
    OSStatTaskTCB                            0x20002804   Data         196  os_var.o(.bss)
    OSTickTaskTCB                            0x200028c8   Data         196  os_var.o(.bss)
    OSTmrTaskTCB                             0x2000298c   Data         196  os_var.o(.bss)
    __libspace_start                         0x20002a50   Data          96  libspace.o(.bss)
    __temporary_stack_top$libspace           0x20002ab0   Data           0  libspace.o(.bss)



==============================================================================

Memory Map of the image

  Image Entry point : 0x08000189

  Load Region LR_IROM1 (Base: 0x08000000, Size: 0x0000b710, Max: 0x00080000, ABSOLUTE)

    Execution Region ER_IROM1 (Base: 0x08000000, Size: 0x0000b600, Max: 0x00080000, ABSOLUTE)

    Base Addr    Size         Type   Attr      Idx    E Section Name        Object

    0x08000000   0x00000188   Data   RO          342    RESET               startup_stm32f40_41xxx.o
    0x08000188   0x00000008   Code   RO          938  * !!!main             c_w.l(__main.o)
    0x08000190   0x00000034   Code   RO         1103    !!!scatter          c_w.l(__scatter.o)
    0x080001c4   0x0000001a   Code   RO         1105    !!handler_copy      c_w.l(__scatter_copy.o)
    0x080001de   0x00000002   PAD
    0x080001e0   0x0000001c   Code   RO         1107    !!handler_zi        c_w.l(__scatter_zi.o)
    0x080001fc   0x00000002   Code   RO          977    .ARM.Collect$$libinit$$00000000  c_w.l(libinit.o)
    0x080001fe   0x00000004   Code   RO          989    .ARM.Collect$$libinit$$00000001  c_w.l(libinit2.o)
    0x08000202   0x00000000   Code   RO          992    .ARM.Collect$$libinit$$00000004  c_w.l(libinit2.o)
    0x08000202   0x00000000   Code   RO          995    .ARM.Collect$$libinit$$0000000A  c_w.l(libinit2.o)
    0x08000202   0x00000000   Code   RO          997    .ARM.Collect$$libinit$$0000000C  c_w.l(libinit2.o)
    0x08000202   0x00000000   Code   RO          999    .ARM.Collect$$libinit$$0000000E  c_w.l(libinit2.o)
    0x08000202   0x00000000   Code   RO         1002    .ARM.Collect$$libinit$$00000011  c_w.l(libinit2.o)
    0x08000202   0x00000000   Code   RO         1004    .ARM.Collect$$libinit$$00000013  c_w.l(libinit2.o)
    0x08000202   0x00000000   Code   RO         1006    .ARM.Collect$$libinit$$00000015  c_w.l(libinit2.o)
    0x08000202   0x00000000   Code   RO         1008    .ARM.Collect$$libinit$$00000017  c_w.l(libinit2.o)
    0x08000202   0x00000000   Code   RO         1010    .ARM.Collect$$libinit$$00000019  c_w.l(libinit2.o)
    0x08000202   0x00000000   Code   RO         1012    .ARM.Collect$$libinit$$0000001B  c_w.l(libinit2.o)
    0x08000202   0x00000000   Code   RO         1014    .ARM.Collect$$libinit$$0000001D  c_w.l(libinit2.o)
    0x08000202   0x00000000   Code   RO         1016    .ARM.Collect$$libinit$$0000001F  c_w.l(libinit2.o)
    0x08000202   0x00000000   Code   RO         1018    .ARM.Collect$$libinit$$00000021  c_w.l(libinit2.o)
    0x08000202   0x00000000   Code   RO         1020    .ARM.Collect$$libinit$$00000023  c_w.l(libinit2.o)
    0x08000202   0x00000000   Code   RO         1022    .ARM.Collect$$libinit$$00000025  c_w.l(libinit2.o)
    0x08000202   0x00000000   Code   RO         1026    .ARM.Collect$$libinit$$0000002C  c_w.l(libinit2.o)
    0x08000202   0x00000000   Code   RO         1028    .ARM.Collect$$libinit$$0000002E  c_w.l(libinit2.o)
    0x08000202   0x00000000   Code   RO         1030    .ARM.Collect$$libinit$$00000030  c_w.l(libinit2.o)
    0x08000202   0x00000000   Code   RO         1032    .ARM.Collect$$libinit$$00000032  c_w.l(libinit2.o)
    0x08000202   0x00000002   Code   RO         1033    .ARM.Collect$$libinit$$00000033  c_w.l(libinit2.o)
    0x08000204   0x00000002   Code   RO         1059    .ARM.Collect$$libshutdown$$00000000  c_w.l(libshutdown.o)
    0x08000206   0x00000000   Code   RO         1086    .ARM.Collect$$libshutdown$$00000002  c_w.l(libshutdown2.o)
    0x08000206   0x00000000   Code   RO         1088    .ARM.Collect$$libshutdown$$00000004  c_w.l(libshutdown2.o)
    0x08000206   0x00000000   Code   RO         1091    .ARM.Collect$$libshutdown$$00000007  c_w.l(libshutdown2.o)
    0x08000206   0x00000000   Code   RO         1094    .ARM.Collect$$libshutdown$$0000000A  c_w.l(libshutdown2.o)
    0x08000206   0x00000000   Code   RO         1096    .ARM.Collect$$libshutdown$$0000000C  c_w.l(libshutdown2.o)
    0x08000206   0x00000000   Code   RO         1099    .ARM.Collect$$libshutdown$$0000000F  c_w.l(libshutdown2.o)
    0x08000206   0x00000002   Code   RO         1100    .ARM.Collect$$libshutdown$$00000010  c_w.l(libshutdown2.o)
    0x08000208   0x00000000   Code   RO          942    .ARM.Collect$$rtentry$$00000000  c_w.l(__rtentry.o)
    0x08000208   0x00000000   Code   RO          948    .ARM.Collect$$rtentry$$00000002  c_w.l(__rtentry2.o)
    0x08000208   0x00000006   Code   RO          960    .ARM.Collect$$rtentry$$00000004  c_w.l(__rtentry4.o)
    0x0800020e   0x00000000   Code   RO          950    .ARM.Collect$$rtentry$$00000009  c_w.l(__rtentry2.o)
    0x0800020e   0x00000004   Code   RO          951    .ARM.Collect$$rtentry$$0000000A  c_w.l(__rtentry2.o)
    0x08000212   0x00000000   Code   RO          953    .ARM.Collect$$rtentry$$0000000C  c_w.l(__rtentry2.o)
    0x08000212   0x00000008   Code   RO          954    .ARM.Collect$$rtentry$$0000000D  c_w.l(__rtentry2.o)
    0x0800021a   0x00000002   Code   RO          981    .ARM.Collect$$rtexit$$00000000  c_w.l(rtexit.o)
    0x0800021c   0x00000000   Code   RO         1035    .ARM.Collect$$rtexit$$00000002  c_w.l(rtexit2.o)
    0x0800021c   0x00000004   Code   RO         1036    .ARM.Collect$$rtexit$$00000003  c_w.l(rtexit2.o)
    0x08000220   0x00000006   Code   RO         1037    .ARM.Collect$$rtexit$$00000004  c_w.l(rtexit2.o)
    0x08000226   0x00000002   PAD
    0x08000228   0x0000033c   Code   RO            3    .text               main.o
    0x08000564   0x00000016   Code   RO          227    .text               stm32f4xx_it.o
    0x0800057a   0x00000002   PAD
    0x0800057c   0x00000210   Code   RO          276    .text               system_stm32f4xx.o
    0x0800078c   0x0000003c   Code   RO          302    .text               led.o
    0x080007c8   0x0000006c   Code   RO          322    .text               key.o
    0x08000834   0x00000040   Code   RO          343    .text               startup_stm32f40_41xxx.o
    0x08000874   0x000000e0   Code   RO          349    .text               misc.o
    0x08000954   0x00000294   Code   RO          369    .text               stm32f4xx_gpio.o
    0x08000be8   0x0000065c   Code   RO          389    .text               stm32f4xx_rcc.o
    0x08001244   0x00000454   Code   RO          431    .text               stm32f4xx_usart.o
    0x08001698   0x00000148   Code   RO          451    .text               delay.o
    0x080017e0   0x00000158   Code   RO          491    .text               usart.o
    0x08001938   0x00000084   Code   RO          522    .text               bsp.o
    0x080019bc   0x000002a8   Code   RO          555    .text               cpu_core.o
    0x08001c64   0x00000034   Code   RO          581    .text               cpu_a.o
    0x08001c98   0x00000256   Code   RO          584    .text               lib_ascii.o
    0x08001eee   0x00000002   PAD
    0x08001ef0   0x000009c6   Code   RO          617    .text               lib_mem.o
    0x080028b6   0x00000002   PAD
    0x080028b8   0x0000092c   Code   RO          636    .text               lib_str.o
    0x080031e4   0x00000220   Code   RO          653    .text               lib_mem_a.o
    0x08003404   0x000000fc   Code   RO          656    .text               os_cfg_app.o
    0x08003500   0x00000df0   Code   RO          679    .text               os_core.o
    0x080042f0   0x000001b0   Code   RO          691    .text               os_dbg.o
    0x080044a0   0x00000e28   Code   RO          706    .text               os_flag.o
    0x080052c8   0x00000444   Code   RO          718    .text               os_int.o
    0x0800570c   0x00000238   Code   RO          730    .text               os_mem.o
    0x08005944   0x0000022c   Code   RO          742    .text               os_msg.o
    0x08005b70   0x00000ad4   Code   RO          754    .text               os_mutex.o
    0x08006644   0x0000007c   Code   RO          772    .text               os_prio.o
    0x080066c0   0x000008d8   Code   RO          791    .text               os_q.o
    0x08006f98   0x00000830   Code   RO          803    .text               os_sem.o
    0x080077c8   0x00000638   Code   RO          815    .text               os_stat.o
    0x08007e00   0x00001bb4   Code   RO          827    .text               os_task.o
    0x080099b4   0x000004fc   Code   RO          839    .text               os_tick.o
    0x08009eb0   0x00000564   Code   RO          851    .text               os_time.o
    0x0800a414   0x00000818   Code   RO          863    .text               os_tmr.o
    0x0800ac2c   0x000003f8   Code   RO          891    .text               os_cpu_c.o
    0x0800b024   0x00000002   Code   RO          932    .text               c_w.l(use_no_semi_2.o)
    0x0800b026   0x000000ee   Code   RO          934    .text               c_w.l(lludivv7m.o)
    0x0800b114   0x00000006   Code   RO          936    .text               c_w.l(heapauxi.o)
    0x0800b11a   0x00000002   Code   RO          940    .text               c_w.l(use_no_semi.o)
    0x0800b11c   0x0000004a   Code   RO          964    .text               c_w.l(sys_stackheap_outer.o)
    0x0800b166   0x00000012   Code   RO          966    .text               c_w.l(exit.o)
    0x0800b178   0x00000008   Code   RO          978    .text               c_w.l(libspace.o)
    0x0800b180   0x000000ac   Code   RO          915    CODE                os_cpu_a.o
    0x0800b22c   0x0000000a   Code   RO         1047    x$fpl$fpinit        fz_wm.l(fpinit.o)
    0x0800b236   0x00000002   PAD
    0x0800b238   0x00000104   Data   RO          557    .constdata          cpu_core.o
    0x0800b33c   0x00000094   Data   RO          637    .constdata          lib_str.o
    0x0800b3d0   0x000000a4   Data   RO          658    .constdata          os_cfg_app.o
    0x0800b474   0x0000016c   Data   RO          692    .constdata          os_dbg.o
    0x0800b5e0   0x00000020   Data   RO         1101    Region$$Table       anon$$obj.o


    Execution Region RW_IRAM1 (Base: 0x20000000, Size: 0x000030b0, Max: 0x00020000, ABSOLUTE)

    Base Addr    Size         Type   Attr      Idx    E Section Name        Object

    0x20000000   0x00000001   Data   RW            5    .data               main.o
    0x20000001   0x00000003   PAD
    0x20000004   0x00000014   Data   RW          277    .data               system_stm32f4xx.o
    0x20000018   0x00000010   Data   RW          390    .data               stm32f4xx_rcc.o
    0x20000028   0x00000004   Data   RW          452    .data               delay.o
    0x2000002c   0x00000006   Data   RW          493    .data               usart.o
    0x20000032   0x00000002   PAD
    0x20000034   0x00000004   Data   RW          558    .data               cpu_core.o
    0x20000038   0x00000004   Data   RW          619    .data               lib_mem.o
    0x2000003c   0x00000008   Data   RW          773    .data               os_prio.o
    0x20000044   0x000000c8   Data   RW          876    .data               os_var.o
    0x2000010c   0x00000004   Data   RW          892    .data               os_cpu_c.o
    0x20000110   0x000008b0   Zero   RW            4    .bss                main.o
    0x200009c0   0x000000c8   Zero   RW          492    .bss                usart.o
    0x20000a88   0x00000010   Zero   RW          556    .bss                cpu_core.o
    0x20000a98   0x00000448   Zero   RW          618    .bss                lib_mem.o
    0x20000ee0   0x00001490   Zero   RW          657    .bss                os_cfg_app.o
    0x20002370   0x000006e0   Zero   RW          875    .bss                os_var.o
    0x20002a50   0x00000060   Zero   RW          979    .bss                c_w.l(libspace.o)
    0x20002ab0   0x00000200   Zero   RW          341    HEAP                startup_stm32f40_41xxx.o
    0x20002cb0   0x00000400   Zero   RW          340    STACK               startup_stm32f40_41xxx.o


==============================================================================

Image component sizes


      Code (inc. data)   RO Data    RW Data    ZI Data      Debug   Object Name

       132         14          0          0          0       1183   bsp.o
        52          0          0          0          0        376   cpu_a.o
       680         14        260          4         16      14559   cpu_core.o
       328         24          0          4          0       1821   delay.o
       108          6          0          0          0        677   key.o
        60          6          0          0          0        491   led.o
       598          0          0          0          0       3932   lib_ascii.o
      2502         32          0          4       1096      22232   lib_mem.o
       544          0          0          0          0        524   lib_mem_a.o
      2348          6        148          0          0      13794   lib_str.o
       828        100          0          1       2224     304218   main.o
       224         20          0          0          0       1889   misc.o
       252        166        164          0       5264      20762   os_cfg_app.o
      3568        284          0          0          0      12557   os_core.o
       172         32          0          0          0        444   os_cpu_a.o
      1016         64          0          4          0       3937   os_cpu_c.o
       432        286        364          0          0       4661   os_dbg.o
      3624        110          0          0          0       8191   os_flag.o
      1092        146          0          0          0       2296   os_int.o
       568         20          0          0          0       2816   os_mem.o
       556         12          0          0          0       2807   os_msg.o
      2772        114          0          0          0       5726   os_mutex.o
       124          4          0          8          0       1804   os_prio.o
      2264         76          0          0          0       6492   os_q.o
      2096         70          0          0          0       6508   os_sem.o
      1592        180          0          0          0       2777   os_stat.o
      7092        270          0          0          0      14334   os_task.o
      1276         90          0          0          0       3397   os_tick.o
      1380         46          0          0          0       3249   os_time.o
      2072        140          0          0          0       6630   os_tmr.o
         0          0          0        200       1760      19265   os_var.o
        64         26        392          0       1536        884   startup_stm32f40_41xxx.o
       660         44          0          0          0       4225   stm32f4xx_gpio.o
        22          0          0          0          0        999   stm32f4xx_it.o
      1628         52          0         16          0      13096   stm32f4xx_rcc.o
      1108         34          0          0          0       7952   stm32f4xx_usart.o
       528         46          0         20          0       1675   system_stm32f4xx.o
       344         16          0          6        200       3218   usart.o

    ----------------------------------------------------------------------
     44712       2550       1360        272      12096     526398   Object Totals
         0          0         32          0          0          0   (incl. Generated)
         6          0          0          5          0          0   (incl. Padding)

    ----------------------------------------------------------------------

      Code (inc. data)   RO Data    RW Data    ZI Data      Debug   Library Member Name

         8          0          0          0          0         68   __main.o
         0          0          0          0          0          0   __rtentry.o
        12          0          0          0          0          0   __rtentry2.o
         6          0          0          0          0          0   __rtentry4.o
        52          8          0          0          0          0   __scatter.o
        26          0          0          0          0          0   __scatter_copy.o
        28          0          0          0          0          0   __scatter_zi.o
        18          0          0          0          0         80   exit.o
         6          0          0          0          0        152   heapauxi.o
         2          0          0          0          0          0   libinit.o
         6          0          0          0          0          0   libinit2.o
         2          0          0          0          0          0   libshutdown.o
         2          0          0          0          0          0   libshutdown2.o
         8          4          0          0         96         68   libspace.o
       238          0          0          0          0        100   lludivv7m.o
         2          0          0          0          0          0   rtexit.o
        10          0          0          0          0          0   rtexit2.o
        74          0          0          0          0         80   sys_stackheap_outer.o
         2          0          0          0          0         68   use_no_semi.o
         2          0          0          0          0         68   use_no_semi_2.o
        10          0          0          0          0        116   fpinit.o

    ----------------------------------------------------------------------
       520         12          0          0         96        800   Library Totals
         6          0          0          0          0          0   (incl. Padding)

    ----------------------------------------------------------------------

      Code (inc. data)   RO Data    RW Data    ZI Data      Debug   Library Name

       504         12          0          0         96        684   c_w.l
        10          0          0          0          0        116   fz_wm.l

    ----------------------------------------------------------------------
       520         12          0          0         96        800   Library Totals

    ----------------------------------------------------------------------

==============================================================================


      Code (inc. data)   RO Data    RW Data    ZI Data      Debug   

     45232       2562       1360        272      12192     519190   Grand Totals
     45232       2562       1360        272      12192     519190   ELF Image Totals
     45232       2562       1360        272          0          0   ROM Totals

==============================================================================

    Total RO  Size (Code + RO Data)                46592 (  45.50kB)
    Total RW  Size (RW Data + ZI Data)             12464 (  12.17kB)
    Total ROM Size (Code + RO Data + RW Data)      46864 (  45.77kB)

==============================================================================

